Microchip MPLAB XC8 Compiler V2.30

Linker command line:

-W-3 --edf=C:\Program Files\Microchip\xc8\v2.30\pic\dat\en_msgs.txt -cn \
  -h+dist/default/production\09b-RTC_DS1307_LCD.X.production.sym \
  --cmf=dist/default/production\09b-RTC_DS1307_LCD.X.production.cmf -z \
  -Q16F877A -oC:\Users\WIN10P~1\AppData\Local\Temp\s2fox2 \
  --defsym=__MPLAB_BUILD=1 \
  -Mdist/default/production/09b-RTC_DS1307_LCD.X.production.map -E1 \
  -ver=XC8 Compiler --acfsm=1493 -ASTACK=0110h-016Fh -pstack=STACK \
  -ACODE=00h-07FFhx4 -ASTRCODE=00h-01FFFh -ASTRING=00h-0FFhx32 \
  -ACONST=00h-0FFhx32 -AENTRY=00h-0FFhx32 -ACOMMON=070h-07Fh \
  -ABANK0=020h-06Fh -ABANK1=0A0h-0EFh -ABANK2=0110h-016Fh \
  -ABANK3=0190h-01EFh -ARAM=020h-06Fh,0A0h-0EFh,0110h-016Fh,0190h-01EFh \
  -AABS1=020h-07Fh,0A0h-0EFh,0110h-016Fh,0190h-01EFh -ASFR0=00h-01Fh \
  -ASFR1=080h-09Fh -ASFR2=0100h-010Fh -ASFR3=0180h-018Fh \
  -ACONFIG=02007h-02007h -DCONFIG=2 -AIDLOC=02000h-02003h -DIDLOC=2 \
  -AEEDATA=00h-0FFh/02100h -peeprom_data=EEDATA -DEEDATA=2 -DCODE=2 \
  -DSTRCODE=2 -DSTRING=2 -DCONST=2 -DENTRY=2 \
  -preset_vec=00h,intentry,init,end_init -ppowerup=CODE -pcinit=CODE \
  -pfunctab=ENTRY -k C:\Users\WIN10P~1\AppData\Local\Temp\s2foxb.o \
  dist/default/production\09b-RTC_DS1307_LCD.X.production.o 

Object code version is 3.11

Machine type is 16F877A



                Name                               Link     Load   Length Selector   Space Scale
C:\Users\WIN10P~1\AppData\Local\Temp\s2foxb.o
                end_init                              0        0        3        0       0
                config                             2007     2007        1        0       4
dist/default/production\09b-RTC_DS1307_LCD.X.production.o
                cinit                               7D0      7D0       30      FA0       0
                config                             2007     2007        1        0       4
                text35                              B6B      B6B        E     16D6       0
                text34                              B98      B98       17     1730       0
                text33                              2C6      2C6       EB      58C       0
                text32                               84       84       A2      108       0
                text31                              3B1      3B1       EB      762       0
                text30                              F6A      F6A       96     1ED4       0
                text29                              C9E      C9E       2F     193C       0
                text28                              D6F      D6F       46     1ADE       0
                text27                              DB5      DB5       46     1B6A       0
                text26                              CFD      CFD       39     19FA       0
                text25                              BDD      BDD       1B     17BA       0
                text24                              B5E      B5E        D     16BC       0
                text23                              DFB      DFB       51     1BF6       0
                text22                              E4C      E4C       5C     1C98       0
                text21                              C13      C13       1D     1826       0
                text20                              CCD      CCD       30     199A       0
                text19                              D36      D36       39     1A6C       0
                text18                              C77      C77       27     18EE       0
                text17                              BAF      BAF       17     175E       0
                text16                              F04      F04       66     1E08       0
                text15                              49C      49C      109      938       0
                text14                              BF8      BF8       1B     17F0       0
                text13                              5A5      5A5      22B      B4A       0
                text12                              1EA      1EA       DC      3D4       0
                text11                              B4C      B4C        9     1698       0
                text10                              B55      B55        9     16AA       0
                text9                               BC6      BC6       17     178C       0
                text8                               C52      C52       25     18A4       0
                text7                               B3C      B3C        8     1678       0
                text6                               B44      B44        8     1688       0
                text5                               B87      B87       11     170E       0
                text4                                 3        3       81        0       0
                text3                               B79      B79        E     16F2       0
                text2                               C30      C30       22     1860       0
                text1                               EA8      EA8       5C     1D50       0
                maintext                            126      126       C4      24C       0
                cstackBANK0                          20       20       4F       20       1
                cstackCOMMON                         70       70        E       70       1
                cstackBANK1                          AF       AF        7       A0       1
                dataBANK1                            B6       B6        4       A0       1
                bssBANK1                             A0       A0        F       A0       1
                bssBANK0                             6F       6F        1       20       1
                strings                             800      800       2A     1000       0
                idataBANK1                          B38      B38        4     1670       0

TOTAL           Name                               Link     Load   Length     Space
        CLASS   STACK          

        CLASS   CODE           
                end_init                              0        0        3         0
                cinit                               7D0      7D0       30         0
                text35                              B6B      B6B        E         0
                text34                              B98      B98       17         0
                text33                              2C6      2C6       EB         0
                text32                               84       84       A2         0
                text31                              3B1      3B1       EB         0
                text30                              F6A      F6A       96         0
                text29                              C9E      C9E       2F         0
                text28                              D6F      D6F       46         0
                text27                              DB5      DB5       46         0
                text26                              CFD      CFD       39         0
                text25                              BDD      BDD       1B         0
                text24                              B5E      B5E        D         0
                text23                              DFB      DFB       51         0
                text22                              E4C      E4C       5C         0
                text21                              C13      C13       1D         0
                text20                              CCD      CCD       30         0
                text19                              D36      D36       39         0
                text18                              C77      C77       27         0
                text17                              BAF      BAF       17         0
                text16                              F04      F04       66         0
                text15                              49C      49C      109         0
                text14                              BF8      BF8       1B         0
                text13                              5A5      5A5      22B         0
                text12                              1EA      1EA       DC         0
                text11                              B4C      B4C        9         0
                text10                              B55      B55        9         0
                text9                               BC6      BC6       17         0
                text8                               C52      C52       25         0
                text7                               B3C      B3C        8         0
                text6                               B44      B44        8         0
                text5                               B87      B87       11         0
                text4                                 3        3       81         0
                text3                               B79      B79        E         0
                text2                               C30      C30       22         0
                text1                               EA8      EA8       5C         0
                maintext                            126      126       C4         0
                idataBANK1                          B38      B38        4         0

        CLASS   STRCODE        

        CLASS   STRING         
                strings                             800      800       2A         0

        CLASS   CONST          

        CLASS   ENTRY          

        CLASS   COMMON         
                cstackCOMMON                         70       70        E         1

        CLASS   BANK0          
                cstackBANK0                          20       20       4F         1
                bssBANK0                             6F       6F        1         1

        CLASS   BANK1          
                cstackBANK1                          AF       AF        7         1
                dataBANK1                            B6       B6        4         1
                bssBANK1                             A0       A0        F         1

        CLASS   BANK2          

        CLASS   BANK3          

        CLASS   RAM            

        CLASS   ABS1           
                abs_s1                               7E       7E        2         1

        CLASS   SFR0           

        CLASS   SFR1           

        CLASS   SFR2           

        CLASS   SFR3           

        CLASS   CONFIG         
                config                             2007     2007        1         4

        CLASS   IDLOC          

        CLASS   EEDATA         



SEGMENTS        Name                           Load    Length   Top    Selector   Space  Class     Delta

                reset_vec                      000000  000084  000084         0       0  CODE        2
                cstackBANK0                    000020  000050  000070        20       1  BANK0       1
                cstackCOMMON                   000070  00000E  00007E        70       1  COMMON      1
                bssBANK1                       0000A0  00001A  0000BA        A0       1  BANK1       1
                text32                         000084  0000A2  000126       108       0  CODE        2
                maintext                       000126  0000C4  0001EA       24C       0  CODE        2
                text12                         0001EA  0000DC  0002C6       3D4       0  CODE        2
                text33                         0002C6  0000EB  0003B1       58C       0  CODE        2
                text31                         0003B1  0000EB  00049C       762       0  CODE        2
                text15                         00049C  000109  0005A5       938       0  CODE        2
                text13                         0005A5  00022B  0007D0       B4A       0  CODE        2
                cinit                          0007D0  000030  000800       FA0       0  CODE        2
                strings                        000800  00002A  00082A      1000       0  STRING      2
                idataBANK1                     000B38  000004  000B3C      1670       0  CODE        2
                text7                          000B3C  000008  000B44      1678       0  CODE        2
                text6                          000B44  000008  000B4C      1688       0  CODE        2
                text11                         000B4C  000009  000B55      1698       0  CODE        2
                text10                         000B55  000009  000B5E      16AA       0  CODE        2
                text24                         000B5E  00000D  000B6B      16BC       0  CODE        2
                text35                         000B6B  00000E  000B79      16D6       0  CODE        2
                text3                          000B79  00000E  000B87      16F2       0  CODE        2
                text5                          000B87  000011  000B98      170E       0  CODE        2
                text34                         000B98  000017  000BAF      1730       0  CODE        2
                text17                         000BAF  000017  000BC6      175E       0  CODE        2
                text9                          000BC6  000017  000BDD      178C       0  CODE        2
                text25                         000BDD  00001B  000BF8      17BA       0  CODE        2
                text14                         000BF8  00001B  000C13      17F0       0  CODE        2
                text21                         000C13  00001D  000C30      1826       0  CODE        2
                text2                          000C30  000022  000C52      1860       0  CODE        2
                text8                          000C52  000025  000C77      18A4       0  CODE        2
                text18                         000C77  000027  000C9E      18EE       0  CODE        2
                text29                         000C9E  00002F  000CCD      193C       0  CODE        2
                text20                         000CCD  000030  000CFD      199A       0  CODE        2
                text26                         000CFD  000039  000D36      19FA       0  CODE        2
                text19                         000D36  000039  000D6F      1A6C       0  CODE        2
                text28                         000D6F  000046  000DB5      1ADE       0  CODE        2
                text27                         000DB5  000046  000DFB      1B6A       0  CODE        2
                text23                         000DFB  000051  000E4C      1BF6       0  CODE        2
                text22                         000E4C  00005C  000EA8      1C98       0  CODE        2
                text1                          000EA8  00005C  000F04      1D50       0  CODE        2
                text16                         000F04  000066  000F6A      1E08       0  CODE        2
                text30                         000F6A  000096  001000      1ED4       0  CODE        2


UNUSED ADDRESS RANGES

        Name                Unused          Largest block    Delta
        BANK1            00BA-00EF             36           1
        BANK2            0110-016F             60           1
        BANK3            0190-01EF             60           1
        CODE             082A-0B37            30E           2
                         1000-1FFF            800
        CONST            082A-0B37            100           2
                         1000-1FFF            100
        EEDATA           2100-21FF            100           2
        ENTRY            082A-0B37            100           2
                         1000-1FFF            100
        IDLOC            2000-2003              4           2
        RAM              00BA-00EF             36           1
                         0110-016F             60
                         0190-01EF             60
        SFR0             0000-001F             20           1
        SFR1             0080-009F             20           1
        SFR2             0100-010F             10           1
        SFR3             0180-018F             10           1
        STACK            0110-016F             60           1
        STRCODE          082A-0B37            30E           2
                         1000-1FFF           1000
        STRING           082A-0B37            100           2
                         1000-1FFF            100

                                  Symbol Table

?_LCD_Printf                                cstackBANK0  0043
?___lldiv                                   cstackCOMMON 0070
DELAY_ms@ms_count                           cstackCOMMON 0072
DELAY_us@us_count                           cstackCOMMON 0070
GPIO_PinDirection@enm_pinNumber             cstackCOMMON 0074
GPIO_PinDirection@var_pinDirn_u8            cstackCOMMON 0070
GPIO_PinDirection@var_portNumber_u8         cstackCOMMON 0073
GPIO_PinRead@enm_pinNumber                  cstackCOMMON 0074
GPIO_PinRead@returnStatus                   cstackCOMMON 0073
GPIO_PinRead@var_portNumber_u8              cstackCOMMON 0072
GPIO_PinWrite@enm_pinNumber                 cstackCOMMON 0074
GPIO_PinWrite@var_pinValue_u8               cstackCOMMON 0070
GPIO_PinWrite@var_portNumber_u8             cstackCOMMON 0073
I2C_Read@v_ackOption_u8                     cstackCOMMON 0071
I2C_Read@v_i2cData_u8                       cstackCOMMON 0072
I2C_Write@v_i2cData_u8                      cstackCOMMON 0070
LCD_CmdWrite@v_lcdCmd_u8                    cstackCOMMON 0079
LCD_DisplayChar@v_lcdData_u8                cstackCOMMON 007C
LCD_DisplayNumber@a                         cstackBANK0  0035
LCD_DisplayNumber@i                         cstackBANK0  0042
LCD_DisplayNumber@v_numOfDigitsToDisplay_u8 cstackBANK0  0028
LCD_DisplayNumber@v_number_u32              cstackBANK0  0024
LCD_DisplayNumber@v_numericSystem_u8        cstackBANK0  0041
LCD_DisplayString@ptr_stringPointer_u8      cstackBANK0  0020
LCD_GoToLine@v_lineNumber_u8                cstackCOMMON 007B
LCD_Init@v_MaxCharsPerLine_u8               cstackCOMMON 007C
LCD_Init@v_lcdNoOfLines_u8                  cstackBANK0  0020
LCD_Printf@argList                          cstackBANK0  0052
LCD_Printf@argp                             cstackBANK0  0062
LCD_Printf@ch                               cstackBANK0  0060
LCD_Printf@ptr                              cstackBANK0  005F
LCD_Printf@str                              cstackBANK0  0051
LCD_Printf@v_numOfDigitsToDisp_u8           cstackBANK0  0061
LCD_Printf@v_num_s16                        cstackBANK0  0057
LCD_Printf@v_num_s32                        cstackBANK0  0053
LCD_Printf@v_num_u16                        cstackBANK0  005D
LCD_Printf@v_num_u32                        cstackBANK0  0059
LCD_SetUp@D0                                cstackBANK0  0022
LCD_SetUp@D1                                cstackBANK0  0023
LCD_SetUp@D2                                cstackBANK0  0024
LCD_SetUp@D3                                cstackBANK0  0025
LCD_SetUp@D4                                cstackBANK0  0026
LCD_SetUp@D5                                cstackBANK0  0027
LCD_SetUp@D6                                cstackBANK0  0028
LCD_SetUp@D7                                cstackBANK0  0029
LCD_SetUp@EN                                cstackBANK0  0021
LCD_SetUp@RS                                cstackCOMMON 0076
LCD_SetUp@RW                                cstackBANK0  0020
RTC_GetDateTime@rtc                         cstackCOMMON 0074
RTC_SetDateTime@rtc                         cstackCOMMON 0071
_ACKDT                                      (abs)        048D
_ACKEN                                      (abs)        048C
_ARR_LcdLineNumAddress_U8                   dataBANK1    00B6
_BF                                         (abs)        04A0
_DELAY_ms                                   text34       0B98
_DELAY_us                                   text35       0B6B
_GPIO_PinDirection                          text33       02C6
_GPIO_PinRead                               text32       0084
_GPIO_PinWrite                              text31       03B1
_I2C_Init                                   text3        0B79
_I2C_Read                                   text8        0C52
_I2C_Start                                  text7        0B3C
_I2C_Stop                                   text6        0B44
_I2C_Write                                  text5        0B87
_LCDConfig                                  bssBANK1     00A0
_LCD_Clear                                  text24       0B5E
_LCD_CmdWrite                               text26       0CFD
_LCD_DisplayChar                            text18       0C77
_LCD_DisplayNumber                          text15       049C
_LCD_DisplayNumber$300                      cstackBANK0  003F
_LCD_DisplayString                          text14       0BF8
_LCD_GoToLine                               text25       0BDD
_LCD_GoToNextLine                           text21       0C13
_LCD_Init                                   text22       0E4C
_LCD_Printf                                 text13       05A5
_LCD_SetUp                                  text12       01EA
_PEN                                        (abs)        048A
_PORTA                                      (abs)        0005
_PORTB                                      (abs)        0006
_PORTC                                      (abs)        0007
_PORTD                                      (abs)        0008
_PORTE                                      (abs)        0009
_RCEN                                       (abs)        048B
_RSEN                                       (abs)        0489
_RTC_GetDateTime                            text4        0003
_RTC_Init                                   text2        0C30
_RTC_SetDateTime                            text1        0EA8
_R_W                                        (abs)        04A2
_SEN                                        (abs)        0488
_SSPADD                                     (abs)        0093
_SSPBUF                                     (abs)        0013
_SSPCON                                     (abs)        0014
_SSPSTAT                                    (abs)        0094
_TRISA                                      (abs)        0085
_TRISB                                      (abs)        0086
_TRISC                                      (abs)        0087
_TRISC3                                     (abs)        043B
_TRISC4                                     (abs)        043C
_TRISD                                      (abs)        0088
_TRISE                                      (abs)        0089
__Habs1                                     abs1         0000
__Hbank0                                    bank0        0000
__Hbank1                                    bank1        0000
__Hbank2                                    bank2        0000
__Hbank3                                    bank3        0000
__HbssBANK0                                 bssBANK0     0000
__HbssBANK1                                 bssBANK1     0000
__Hcinit                                    cinit        0800
__Hclrtext                                  clrtext      0000
__Hcode                                     code         0000
__Hcommon                                   common       0000
__Hconfig                                   config       2008
__HcstackBANK0                              cstackBANK0  0000
__HcstackBANK1                              cstackBANK1  0000
__HcstackCOMMON                             cstackCOMMON 0000
__HdataBANK1                                dataBANK1    0000
__Heeprom_data                              eeprom_data  0000
__Hend_init                                 end_init     0003
__Hfunctab                                  functab      0000
__HidataBANK1                               idataBANK1   0000
__Hinit                                     init         0000
__Hintentry                                 intentry     0000
__Hmaintext                                 maintext     0000
__Hpowerup                                  powerup      0000
__Hram                                      ram          0000
__Hreset_vec                                reset_vec    0000
__Hsfr0                                     sfr0         0000
__Hsfr1                                     sfr1         0000
__Hsfr2                                     sfr2         0000
__Hsfr3                                     sfr3         0000
__Hspace_0                                  (abs)        1000
__Hspace_1                                  (abs)        00BA
__Hspace_2                                  (abs)        0000
__Hspace_3                                  (abs)        0000
__Hspace_4                                  (abs)        400F
__Hstack                                    stack        0000
__Hstrings                                  strings      0000
__Htext                                     text         0000
__Labs1                                     abs1         0000
__Lbank0                                    bank0        0000
__Lbank1                                    bank1        0000
__Lbank2                                    bank2        0000
__Lbank3                                    bank3        0000
__LbssBANK0                                 bssBANK0     0000
__LbssBANK1                                 bssBANK1     0000
__Lcinit                                    cinit        07D0
__Lclrtext                                  clrtext      0000
__Lcode                                     code         0000
__Lcommon                                   common       0000
__Lconfig                                   config       0000
__LcstackBANK0                              cstackBANK0  0000
__LcstackBANK1                              cstackBANK1  0000
__LcstackCOMMON                             cstackCOMMON 0000
__LdataBANK1                                dataBANK1    0000
__Leeprom_data                              eeprom_data  0000
__Lend_init                                 end_init     0000
__Lfunctab                                  functab      0000
__LidataBANK1                               idataBANK1   0000
__Linit                                     init         0000
__Lintentry                                 intentry     0000
__Lmaintext                                 maintext     0000
__Lpowerup                                  powerup      0000
__Lram                                      ram          0000
__Lreset_vec                                reset_vec    0000
__Lsfr0                                     sfr0         0000
__Lsfr1                                     sfr1         0000
__Lsfr2                                     sfr2         0000
__Lsfr3                                     sfr3         0000
__Lspace_0                                  (abs)        0000
__Lspace_1                                  (abs)        0000
__Lspace_2                                  (abs)        0000
__Lspace_3                                  (abs)        0000
__Lspace_4                                  (abs)        0000
__Lstack                                    stack        0000
__Lstrings                                  strings      0000
__Ltext                                     text         0000
__S0                                        (abs)        1000
__S1                                        (abs)        00BA
__S2                                        (abs)        0000
__S3                                        (abs)        0000
___bmul                                     text17       0BAF
___bmul@multiplicand                        cstackBANK0  0020
___bmul@multiplier                          cstackBANK0  0023
___bmul@product                             cstackBANK0  0022
___int_sp                                   stack        0000
___latbits                                  (abs)        0002
___lldiv                                    text16       0F04
___lldiv@counter                            cstackCOMMON 007D
___lldiv@dividend                           cstackCOMMON 0074
___lldiv@divisor                            cstackCOMMON 0070
___lldiv@quotient                           cstackCOMMON 0079
___sp                                       stack        0000
___stackhi                                  (abs)        0000
___stacklo                                  (abs)        0000
__end_of_DELAY_ms                           text34       0BAF
__end_of_DELAY_us                           text35       0B79
__end_of_GPIO_PinDirection                  text33       03B1
__end_of_GPIO_PinRead                       text32       0126
__end_of_GPIO_PinWrite                      text31       049C
__end_of_I2C_Init                           text3        0B87
__end_of_I2C_Read                           text8        0C77
__end_of_I2C_Start                          text7        0B44
__end_of_I2C_Stop                           text6        0B4C
__end_of_I2C_Write                          text5        0B98
__end_of_LCD_Clear                          text24       0B6B
__end_of_LCD_CmdWrite                       text26       0D36
__end_of_LCD_DisplayChar                    text18       0C9E
__end_of_LCD_DisplayNumber                  text15       05A5
__end_of_LCD_DisplayString                  text14       0C13
__end_of_LCD_GoToLine                       text25       0BF8
__end_of_LCD_GoToNextLine                   text21       0C30
__end_of_LCD_Init                           text22       0EA8
__end_of_LCD_Printf                         text13       07D0
__end_of_LCD_SetUp                          text12       02C6
__end_of_RTC_GetDateTime                    text4        0084
__end_of_RTC_Init                           text2        0C52
__end_of_RTC_SetDateTime                    text1        0F04
__end_of___bmul                             text17       0BC6
__end_of___lldiv                            text16       0F6A
__end_of__initialization                    cinit        07FC
__end_of__stringtab                         strings      0806
__end_of_i2c_Ack                            text11       0B55
__end_of_i2c_NoAck                          text10       0B5E
__end_of_i2c_WaitForIdle                    text9        0BDD
__end_of_lcd_BusyCheck                      text30       1000
__end_of_lcd_DataWrite                      text19       0D6F
__end_of_lcd_Reset                          text23       0E4C
__end_of_lcd_SendCmdSignals                 text29       0CCD
__end_of_lcd_SendDataSignals                text20       0CFD
__end_of_lcd_SendHigherNibble               text28       0DB5
__end_of_lcd_SendLowerNibble                text27       0DFB
__end_of_main                               maintext     01EA
__initialization                            cinit        07D0
__pbssBANK0                                 bssBANK0     006F
__pbssBANK1                                 bssBANK1     00A0
__pcstackBANK0                              cstackBANK0  0020
__pcstackBANK1                              cstackBANK1  00AF
__pcstackCOMMON                             cstackCOMMON 0070
__pdataBANK1                                dataBANK1    00B6
__pidataBANK1                               idataBANK1   0B38
__pmaintext                                 maintext     0126
__pstrings                                  strings      0800
__ptext1                                    text1        0EA8
__ptext10                                   text10       0B55
__ptext11                                   text11       0B4C
__ptext12                                   text12       01EA
__ptext13                                   text13       05A5
__ptext14                                   text14       0BF8
__ptext15                                   text15       049C
__ptext16                                   text16       0F04
__ptext17                                   text17       0BAF
__ptext18                                   text18       0C77
__ptext19                                   text19       0D36
__ptext2                                    text2        0C30
__ptext20                                   text20       0CCD
__ptext21                                   text21       0C13
__ptext22                                   text22       0E4C
__ptext23                                   text23       0DFB
__ptext24                                   text24       0B5E
__ptext25                                   text25       0BDD
__ptext26                                   text26       0CFD
__ptext27                                   text27       0DB5
__ptext28                                   text28       0D6F
__ptext29                                   text29       0C9E
__ptext3                                    text3        0B79
__ptext30                                   text30       0F6A
__ptext31                                   text31       03B1
__ptext32                                   text32       0084
__ptext33                                   text33       02C6
__ptext34                                   text34       0B98
__ptext35                                   text35       0B6B
__ptext4                                    text4        0003
__ptext5                                    text5        0B87
__ptext6                                    text6        0B44
__ptext7                                    text7        0B3C
__ptext8                                    text8        0C52
__ptext9                                    text9        0BC6
__size_of_DELAY_ms                          (abs)        0000
__size_of_DELAY_us                          (abs)        0000
__size_of_GPIO_PinDirection                 (abs)        0000
__size_of_GPIO_PinRead                      (abs)        0000
__size_of_GPIO_PinWrite                     (abs)        0000
__size_of_I2C_Init                          (abs)        0000
__size_of_I2C_Read                          (abs)        0000
__size_of_I2C_Start                         (abs)        0000
__size_of_I2C_Stop                          (abs)        0000
__size_of_I2C_Write                         (abs)        0000
__size_of_LCD_Clear                         (abs)        0000
__size_of_LCD_CmdWrite                      (abs)        0000
__size_of_LCD_DisplayChar                   (abs)        0000
__size_of_LCD_DisplayNumber                 (abs)        0000
__size_of_LCD_DisplayString                 (abs)        0000
__size_of_LCD_GoToLine                      (abs)        0000
__size_of_LCD_GoToNextLine                  (abs)        0000
__size_of_LCD_Init                          (abs)        0000
__size_of_LCD_Printf                        (abs)        0000
__size_of_LCD_SetUp                         (abs)        0000
__size_of_RTC_GetDateTime                   (abs)        0000
__size_of_RTC_Init                          (abs)        0000
__size_of_RTC_SetDateTime                   (abs)        0000
__size_of___bmul                            (abs)        0000
__size_of___lldiv                           (abs)        0000
__size_of_i2c_Ack                           (abs)        0000
__size_of_i2c_NoAck                         (abs)        0000
__size_of_i2c_WaitForIdle                   (abs)        0000
__size_of_lcd_BusyCheck                     (abs)        0000
__size_of_lcd_DataWrite                     (abs)        0000
__size_of_lcd_Reset                         (abs)        0000
__size_of_lcd_SendCmdSignals                (abs)        0000
__size_of_lcd_SendDataSignals               (abs)        0000
__size_of_lcd_SendHigherNibble              (abs)        0000
__size_of_lcd_SendLowerNibble               (abs)        0000
__size_of_main                              (abs)        0000
__stringbase                                strings      0805
__stringtab                                 strings      0800
_i2c_Ack                                    text11       0B4C
_i2c_NoAck                                  text10       0B55
_i2c_WaitForIdle                            text9        0BC6
_lcd_BusyCheck                              text30       0F6A
_lcd_DataWrite                              text19       0D36
_lcd_Reset                                  text23       0DFB
_lcd_SendCmdSignals                         text29       0C9E
_lcd_SendDataSignals                        text20       0CCD
_lcd_SendHigherNibble                       text28       0D6F
_lcd_SendLowerNibble                        text27       0DB5
_main                                       maintext     0126
_v_LcdTrackCursorPos_U8                     bssBANK1     00AE
_v_LcdTrackLineNum_U8                       bssBANK0     006F
btemp                                       (abs)        007E
end_of_initialization                       cinit        07FC
intlevel0                                   functab      0000
intlevel1                                   functab      0000
intlevel2                                   functab      0000
intlevel3                                   functab      0000
intlevel4                                   functab      0000
intlevel5                                   functab      0000
lcd_BusyCheck@busyflag                      cstackCOMMON 0076
lcd_DataWrite@dataByte                      cstackCOMMON 0079
lcd_SendHigherNibble@dataByte               cstackCOMMON 0076
lcd_SendLowerNibble@dataByte                cstackCOMMON 0076
main@rtc                                    cstackBANK1  00AF
reset_vec                                   reset_vec    0000
start                                       init         0000
start_initialization                        cinit        07D0
wtemp0                                      (abs)        007E


FUNCTION INFORMATION:

 *************** function _main *****************
 Defined at:
		line 33 in file "main.c"
 Parameters:    Size  Location     Type
		None
 Auto vars:     Size  Location     Type
  rtc             7    0[BANK1 ] struct .
 Return value:  Size  Location     Type
                  2  407[None  ] int 
 Registers used:
		wreg, fsr0l, fsr0h, status,2, status,0, pclath, cstack
 Tracked objects:
		On entry : 
		On exit  : 
		Unchanged: 
 Data sizes:     COMMON   BANK0   BANK1   BANK3   BANK2
      Params:         0       0       0       0       0
      Locals:         0       0       7       0       0
      Temps:          0      12       0       0       0
      Totals:         0      12       7       0       0
Total ram usage:       19 bytes
 Hardware stack levels required when called:    8
 This function calls:
		_LCD_GoToLine
		_LCD_Init
		_LCD_Printf
		_LCD_SetUp
		_RTC_GetDateTime
		_RTC_Init
		_RTC_SetDateTime
 This function is called by:
		Startup code after reset
 This function uses a non-reentrant model


 *************** function _RTC_SetDateTime *****************
 Defined at:
		line 95 in file "../00-libfiles/rtc.c"
 Parameters:    Size  Location     Type
  rtc             1    wreg     PTR struct .
		 -> main@rtc(7), 
 Auto vars:     Size  Location     Type
  rtc             1    1[COMMON] PTR struct .
		 -> main@rtc(7), 
 Return value:  Size  Location     Type
                  1    wreg      void 
 Registers used:
		wreg, fsr0l, fsr0h, status,2, status,0, pclath, cstack
 Tracked objects:
		On entry : 
		On exit  : 
		Unchanged: 
 Data sizes:     COMMON   BANK0   BANK1   BANK3   BANK2
      Params:         0       0       0       0       0
      Locals:         1       0       0       0       0
      Temps:          0       0       0       0       0
      Totals:         1       0       0       0       0
Total ram usage:        1 bytes
 Hardware stack levels used:    1
 Hardware stack levels required when called:    2
 This function calls:
		_I2C_Start
		_I2C_Stop
		_I2C_Write
 This function is called by:
		_main
 This function uses a non-reentrant model


 *************** function _RTC_Init *****************
 Defined at:
		line 57 in file "../00-libfiles/rtc.c"
 Parameters:    Size  Location     Type
		None
 Auto vars:     Size  Location     Type
		None
 Return value:  Size  Location     Type
                  1    wreg      void 
 Registers used:
		wreg, status,2, status,0, pclath, cstack
 Tracked objects:
		On entry : 
		On exit  : 
		Unchanged: 
 Data sizes:     COMMON   BANK0   BANK1   BANK3   BANK2
      Params:         0       0       0       0       0
      Locals:         0       0       0       0       0
      Temps:          0       0       0       0       0
      Totals:         0       0       0       0       0
Total ram usage:        0 bytes
 Hardware stack levels used:    1
 Hardware stack levels required when called:    2
 This function calls:
		_I2C_Init
		_I2C_Start
		_I2C_Stop
		_I2C_Write
 This function is called by:
		_main
 This function uses a non-reentrant model


 *************** function _I2C_Init *****************
 Defined at:
		line 87 in file "../00-libfiles/i2c.c"
 Parameters:    Size  Location     Type
		None
 Auto vars:     Size  Location     Type
		None
 Return value:  Size  Location     Type
                  1    wreg      void 
 Registers used:
		wreg
 Tracked objects:
		On entry : 
		On exit  : 
		Unchanged: 
 Data sizes:     COMMON   BANK0   BANK1   BANK3   BANK2
      Params:         0       0       0       0       0
      Locals:         0       0       0       0       0
      Temps:          0       0       0       0       0
      Totals:         0       0       0       0       0
Total ram usage:        0 bytes
 Hardware stack levels used:    1
 This function calls:
		Nothing
 This function is called by:
		_RTC_Init
 This function uses a non-reentrant model


 *************** function _RTC_GetDateTime *****************
 Defined at:
		line 131 in file "../00-libfiles/rtc.c"
 Parameters:    Size  Location     Type
  rtc             1    wreg     PTR struct .
		 -> main@rtc(7), 
 Auto vars:     Size  Location     Type
  rtc             1    4[COMMON] PTR struct .
		 -> main@rtc(7), 
 Return value:  Size  Location     Type
                  1    wreg      void 
 Registers used:
		wreg, fsr0l, fsr0h, status,2, status,0, pclath, cstack
 Tracked objects:
		On entry : 
		On exit  : 
		Unchanged: 
 Data sizes:     COMMON   BANK0   BANK1   BANK3   BANK2
      Params:         0       0       0       0       0
      Locals:         1       0       0       0       0
      Temps:          1       0       0       0       0
      Totals:         2       0       0       0       0
Total ram usage:        2 bytes
 Hardware stack levels used:    1
 Hardware stack levels required when called:    2
 This function calls:
		_I2C_Read
		_I2C_Start
		_I2C_Stop
		_I2C_Write
 This function is called by:
		_main
 This function uses a non-reentrant model


 *************** function _I2C_Write *****************
 Defined at:
		line 179 in file "../00-libfiles/i2c.c"
 Parameters:    Size  Location     Type
  v_i2cData_u8    1    wreg     unsigned char 
 Auto vars:     Size  Location     Type
  v_i2cData_u8    1    0[COMMON] unsigned char 
 Return value:  Size  Location     Type
                  1    wreg      void 
 Registers used:
		wreg, status,2, status,0, pclath, cstack
 Tracked objects:
		On entry : 
		On exit  : 
		Unchanged: 
 Data sizes:     COMMON   BANK0   BANK1   BANK3   BANK2
      Params:         0       0       0       0       0
      Locals:         1       0       0       0       0
      Temps:          0       0       0       0       0
      Totals:         1       0       0       0       0
Total ram usage:        1 bytes
 Hardware stack levels used:    1
 Hardware stack levels required when called:    1
 This function calls:
		_i2c_WaitForIdle
 This function is called by:
		_RTC_Init
		_RTC_SetDateTime
		_RTC_GetDateTime
 This function uses a non-reentrant model


 *************** function _I2C_Stop *****************
 Defined at:
		line 147 in file "../00-libfiles/i2c.c"
 Parameters:    Size  Location     Type
		None
 Auto vars:     Size  Location     Type
		None
 Return value:  Size  Location     Type
                  1    wreg      void 
 Registers used:
		None
 Tracked objects:
		On entry : 
		On exit  : 
		Unchanged: 
 Data sizes:     COMMON   BANK0   BANK1   BANK3   BANK2
      Params:         0       0       0       0       0
      Locals:         0       0       0       0       0
      Temps:          0       0       0       0       0
      Totals:         0       0       0       0       0
Total ram usage:        0 bytes
 Hardware stack levels used:    1
 This function calls:
		Nothing
 This function is called by:
		_RTC_Init
		_RTC_SetDateTime
		_RTC_GetDateTime
 This function uses a non-reentrant model


 *************** function _I2C_Start *****************
 Defined at:
		line 118 in file "../00-libfiles/i2c.c"
 Parameters:    Size  Location     Type
		None
 Auto vars:     Size  Location     Type
		None
 Return value:  Size  Location     Type
                  1    wreg      void 
 Registers used:
		None
 Tracked objects:
		On entry : 
		On exit  : 
		Unchanged: 
 Data sizes:     COMMON   BANK0   BANK1   BANK3   BANK2
      Params:         0       0       0       0       0
      Locals:         0       0       0       0       0
      Temps:          0       0       0       0       0
      Totals:         0       0       0       0       0
Total ram usage:        0 bytes
 Hardware stack levels used:    1
 This function calls:
		Nothing
 This function is called by:
		_RTC_Init
		_RTC_SetDateTime
		_RTC_GetDateTime
 This function uses a non-reentrant model


 *************** function _I2C_Read *****************
 Defined at:
		line 214 in file "../00-libfiles/i2c.c"
 Parameters:    Size  Location     Type
  v_ackOption_    1    wreg     unsigned char 
 Auto vars:     Size  Location     Type
  v_ackOption_    1    1[COMMON] unsigned char 
  v_i2cData_u8    1    2[COMMON] unsigned char 
 Return value:  Size  Location     Type
                  1    wreg      unsigned char 
 Registers used:
		wreg, status,2, status,0, pclath, cstack
 Tracked objects:
		On entry : 
		On exit  : 
		Unchanged: 
 Data sizes:     COMMON   BANK0   BANK1   BANK3   BANK2
      Params:         0       0       0       0       0
      Locals:         2       0       0       0       0
      Temps:          1       0       0       0       0
      Totals:         3       0       0       0       0
Total ram usage:        3 bytes
 Hardware stack levels used:    1
 Hardware stack levels required when called:    1
 This function calls:
		_i2c_Ack
		_i2c_NoAck
		_i2c_WaitForIdle
 This function is called by:
		_RTC_GetDateTime
 This function uses a non-reentrant model


 *************** function _i2c_WaitForIdle *****************
 Defined at:
		line 258 in file "../00-libfiles/i2c.c"
 Parameters:    Size  Location     Type
		None
 Auto vars:     Size  Location     Type
		None
 Return value:  Size  Location     Type
                  1    wreg      void 
 Registers used:
		None
 Tracked objects:
		On entry : 
		On exit  : 
		Unchanged: 
 Data sizes:     COMMON   BANK0   BANK1   BANK3   BANK2
      Params:         0       0       0       0       0
      Locals:         0       0       0       0       0
      Temps:          0       0       0       0       0
      Totals:         0       0       0       0       0
Total ram usage:        0 bytes
 Hardware stack levels used:    1
 This function calls:
		Nothing
 This function is called by:
		_I2C_Write
		_I2C_Read
 This function uses a non-reentrant model


 *************** function _i2c_NoAck *****************
 Defined at:
		line 299 in file "../00-libfiles/i2c.c"
 Parameters:    Size  Location     Type
		None
 Auto vars:     Size  Location     Type
		None
 Return value:  Size  Location     Type
                  1    wreg      void 
 Registers used:
		None
 Tracked objects:
		On entry : 
		On exit  : 
		Unchanged: 
 Data sizes:     COMMON   BANK0   BANK1   BANK3   BANK2
      Params:         0       0       0       0       0
      Locals:         0       0       0       0       0
      Temps:          0       0       0       0       0
      Totals:         0       0       0       0       0
Total ram usage:        0 bytes
 Hardware stack levels used:    1
 This function calls:
		Nothing
 This function is called by:
		_I2C_Read
 This function uses a non-reentrant model


 *************** function _i2c_Ack *****************
 Defined at:
		line 279 in file "../00-libfiles/i2c.c"
 Parameters:    Size  Location     Type
		None
 Auto vars:     Size  Location     Type
		None
 Return value:  Size  Location     Type
                  1    wreg      void 
 Registers used:
		None
 Tracked objects:
		On entry : 
		On exit  : 
		Unchanged: 
 Data sizes:     COMMON   BANK0   BANK1   BANK3   BANK2
      Params:         0       0       0       0       0
      Locals:         0       0       0       0       0
      Temps:          0       0       0       0       0
      Totals:         0       0       0       0       0
Total ram usage:        0 bytes
 Hardware stack levels used:    1
 This function calls:
		Nothing
 This function is called by:
		_I2C_Read
 This function uses a non-reentrant model


 *************** function _LCD_SetUp *****************
 Defined at:
		line 135 in file "../00-libfiles/lcd.c"
 Parameters:    Size  Location     Type
  RS              1    wreg     enum E33
  RW              1    0[BANK0 ] enum E33
  EN              1    1[BANK0 ] enum E33
  D0              1    2[BANK0 ] enum E33
  D1              1    3[BANK0 ] enum E33
  D2              1    4[BANK0 ] enum E33
  D3              1    5[BANK0 ] enum E33
  D4              1    6[BANK0 ] enum E33
  D5              1    7[BANK0 ] enum E33
  D6              1    8[BANK0 ] enum E33
  D7              1    9[BANK0 ] enum E33
 Auto vars:     Size  Location     Type
  RS              1    6[COMMON] enum E33
 Return value:  Size  Location     Type
                  1    wreg      void 
 Registers used:
		wreg, fsr0l, fsr0h, status,2, status,0, pclath, cstack
 Tracked objects:
		On entry : 
		On exit  : 
		Unchanged: 
 Data sizes:     COMMON   BANK0   BANK1   BANK3   BANK2
      Params:         0      10       0       0       0
      Locals:         1       0       0       0       0
      Temps:          1       0       0       0       0
      Totals:         2      10       0       0       0
Total ram usage:       12 bytes
 Hardware stack levels used:    1
 Hardware stack levels required when called:    1
 This function calls:
		_GPIO_PinDirection
 This function is called by:
		_main
 This function uses a non-reentrant model


 *************** function _LCD_Printf *****************
 Defined at:
		line 676 in file "../00-libfiles/lcd.c"
 Parameters:    Size  Location     Type
  argList         1    wreg     PTR const unsigned char 
		 -> STR_1(36), 
 Auto vars:     Size  Location     Type
  argList         1   50[BANK0 ] PTR const unsigned char 
		 -> STR_1(36), 
  v_num_u32       4   57[BANK0 ] unsigned long 
  v_num_s32       4   51[BANK0 ] long 
  v_num_u16       2   61[BANK0 ] unsigned int 
  v_num_s16       2   55[BANK0 ] int 
  argp            1   66[BANK0 ] PTR void [1]
		 -> ?_LCD_Printf(1), 
  v_numOfDigit    1   65[BANK0 ] unsigned char 
  ch              1   64[BANK0 ] unsigned char 
  ptr             1   63[BANK0 ] PTR const unsigned char 
		 -> STR_1(36), 
  str             1   49[BANK0 ] PTR unsigned char 
		 -> ?_LCD_Printf(1), 
 Return value:  Size  Location     Type
                  1    wreg      void 
 Registers used:
		wreg, fsr0l, fsr0h, status,2, status,0, pclath, cstack
 Tracked objects:
		On entry : 
		On exit  : 
		Unchanged: 
 Data sizes:     COMMON   BANK0   BANK1   BANK3   BANK2
      Params:         0      12       0       0       0
      Locals:         0      18       0       0       0
      Temps:          0       2       0       0       0
      Totals:         0      32       0       0       0
Total ram usage:       32 bytes
 Hardware stack levels used:    1
 Hardware stack levels required when called:    7
 This function calls:
		_LCD_DisplayChar
		_LCD_DisplayNumber
		_LCD_DisplayString
		___bmul
 This function is called by:
		_main
 This function uses a non-reentrant model


 *************** function _LCD_DisplayString *****************
 Defined at:
		line 427 in file "../00-libfiles/lcd.c"
 Parameters:    Size  Location     Type
  ptr_stringPo    1    wreg     PTR const unsigned char 
		 -> ?_LCD_Printf(1), 
 Auto vars:     Size  Location     Type
  ptr_stringPo    1    0[BANK0 ] PTR const unsigned char 
		 -> ?_LCD_Printf(1), 
 Return value:  Size  Location     Type
                  1    wreg      void 
 Registers used:
		wreg, fsr0l, fsr0h, status,2, status,0, pclath, cstack
 Tracked objects:
		On entry : 
		On exit  : 
		Unchanged: 
 Data sizes:     COMMON   BANK0   BANK1   BANK3   BANK2
      Params:         0       0       0       0       0
      Locals:         0       1       0       0       0
      Temps:          1       0       0       0       0
      Totals:         1       1       0       0       0
Total ram usage:        2 bytes
 Hardware stack levels used:    1
 Hardware stack levels required when called:    6
 This function calls:
		_LCD_DisplayChar
 This function is called by:
		_LCD_Printf
 This function uses a non-reentrant model


 *************** function _LCD_DisplayNumber *****************
 Defined at:
		line 529 in file "../00-libfiles/lcd.c"
 Parameters:    Size  Location     Type
  v_numericSys    1    wreg     unsigned char 
  v_number_u32    4    4[BANK0 ] unsigned long 
  v_numOfDigit    1    8[BANK0 ] unsigned char 
 Auto vars:     Size  Location     Type
  v_numericSys    1   33[BANK0 ] unsigned char 
  a              10   21[BANK0 ] unsigned char [10]
  i               1   34[BANK0 ] unsigned char 
 Return value:  Size  Location     Type
                  1    wreg      void 
 Registers used:
		wreg, fsr0l, fsr0h, status,2, status,0, pclath, cstack
 Tracked objects:
		On entry : 
		On exit  : 
		Unchanged: 
 Data sizes:     COMMON   BANK0   BANK1   BANK3   BANK2
      Params:         0       5       0       0       0
      Locals:         0      14       0       0       0
      Temps:          0      12       0       0       0
      Totals:         0      31       0       0       0
Total ram usage:       31 bytes
 Hardware stack levels used:    1
 Hardware stack levels required when called:    6
 This function calls:
		_LCD_DisplayChar
		___bmul
		___lldiv
 This function is called by:
		_LCD_Printf
 This function uses a non-reentrant model


 *************** function ___lldiv *****************
 Defined at:
		line 5 in file "C:\Program Files\Microchip\xc8\v2.30\pic\sources\c90\common\__lldiv.c"
 Parameters:    Size  Location     Type
  divisor         4    0[COMMON] unsigned long 
  dividend        4    4[COMMON] unsigned long 
 Auto vars:     Size  Location     Type
  quotient        4    9[COMMON] unsigned long 
  counter         1   13[COMMON] unsigned char 
 Return value:  Size  Location     Type
                  4    0[COMMON] unsigned long 
 Registers used:
		wreg, status,2, status,0
 Tracked objects:
		On entry : 
		On exit  : 
		Unchanged: 
 Data sizes:     COMMON   BANK0   BANK1   BANK3   BANK2
      Params:         8       0       0       0       0
      Locals:         5       0       0       0       0
      Temps:          1       0       0       0       0
      Totals:        14       0       0       0       0
Total ram usage:       14 bytes
 Hardware stack levels used:    1
 This function calls:
		Nothing
 This function is called by:
		_LCD_DisplayNumber
 This function uses a non-reentrant model


 *************** function ___bmul *****************
 Defined at:
		line 4 in file "C:\Program Files\Microchip\xc8\v2.30\pic\sources\c90\common\Umul8.c"
 Parameters:    Size  Location     Type
  multiplier      1    wreg     unsigned char 
  multiplicand    1    0[BANK0 ] unsigned char 
 Auto vars:     Size  Location     Type
  multiplier      1    3[BANK0 ] unsigned char 
  product         1    2[BANK0 ] unsigned char 
 Return value:  Size  Location     Type
                  1    wreg      unsigned char 
 Registers used:
		wreg, status,2, status,0
 Tracked objects:
		On entry : 
		On exit  : 
		Unchanged: 
 Data sizes:     COMMON   BANK0   BANK1   BANK3   BANK2
      Params:         0       1       0       0       0
      Locals:         0       2       0       0       0
      Temps:          0       1       0       0       0
      Totals:         0       4       0       0       0
Total ram usage:        4 bytes
 Hardware stack levels used:    1
 This function calls:
		Nothing
 This function is called by:
		_LCD_DisplayNumber
		_LCD_Printf
 This function uses a non-reentrant model


 *************** function _LCD_DisplayChar *****************
 Defined at:
		line 392 in file "../00-libfiles/lcd.c"
 Parameters:    Size  Location     Type
  v_lcdData_u8    1    wreg     unsigned char 
 Auto vars:     Size  Location     Type
  v_lcdData_u8    1   12[COMMON] unsigned char 
 Return value:  Size  Location     Type
                  1    wreg      void 
 Registers used:
		wreg, fsr0l, fsr0h, status,2, status,0, pclath, cstack
 Tracked objects:
		On entry : 
		On exit  : 
		Unchanged: 
 Data sizes:     COMMON   BANK0   BANK1   BANK3   BANK2
      Params:         0       0       0       0       0
      Locals:         1       0       0       0       0
      Temps:          1       0       0       0       0
      Totals:         2       0       0       0       0
Total ram usage:        2 bytes
 Hardware stack levels used:    1
 Hardware stack levels required when called:    5
 This function calls:
		_LCD_GoToNextLine
		_lcd_DataWrite
 This function is called by:
		_LCD_DisplayString
		_LCD_DisplayNumber
		_LCD_Printf
 This function uses a non-reentrant model


 *************** function _lcd_DataWrite *****************
 Defined at:
		line 826 in file "../00-libfiles/lcd.c"
 Parameters:    Size  Location     Type
  dataByte        1    wreg     unsigned char 
 Auto vars:     Size  Location     Type
  dataByte        1    9[COMMON] unsigned char 
 Return value:  Size  Location     Type
                  1    wreg      void 
 Registers used:
		wreg, fsr0l, fsr0h, status,2, status,0, pclath, cstack
 Tracked objects:
		On entry : 
		On exit  : 
		Unchanged: 
 Data sizes:     COMMON   BANK0   BANK1   BANK3   BANK2
      Params:         0       0       0       0       0
      Locals:         1       0       0       0       0
      Temps:          2       0       0       0       0
      Totals:         3       0       0       0       0
Total ram usage:        3 bytes
 Hardware stack levels used:    1
 Hardware stack levels required when called:    3
 This function calls:
		_lcd_BusyCheck
		_lcd_SendDataSignals
		_lcd_SendHigherNibble
		_lcd_SendLowerNibble
 This function is called by:
		_LCD_DisplayChar
 This function uses a non-reentrant model


 *************** function _lcd_SendDataSignals *****************
 Defined at:
		line 1002 in file "../00-libfiles/lcd.c"
 Parameters:    Size  Location     Type
		None
 Auto vars:     Size  Location     Type
		None
 Return value:  Size  Location     Type
                  1    wreg      void 
 Registers used:
		wreg, fsr0l, fsr0h, status,2, status,0, pclath, cstack
 Tracked objects:
		On entry : 
		On exit  : 
		Unchanged: 
 Data sizes:     COMMON   BANK0   BANK1   BANK3   BANK2
      Params:         0       0       0       0       0
      Locals:         0       0       0       0       0
      Temps:          0       0       0       0       0
      Totals:         0       0       0       0       0
Total ram usage:        0 bytes
 Hardware stack levels used:    1
 Hardware stack levels required when called:    1
 This function calls:
		_DELAY_us
		_GPIO_PinWrite
 This function is called by:
		_lcd_DataWrite
 This function uses a non-reentrant model


 *************** function _LCD_GoToNextLine *****************
 Defined at:
		line 292 in file "../00-libfiles/lcd.c"
 Parameters:    Size  Location     Type
		None
 Auto vars:     Size  Location     Type
		None
 Return value:  Size  Location     Type
                  1    wreg      void 
 Registers used:
		wreg, fsr0l, fsr0h, status,2, status,0, pclath, cstack
 Tracked objects:
		On entry : 
		On exit  : 
		Unchanged: 
 Data sizes:     COMMON   BANK0   BANK1   BANK3   BANK2
      Params:         0       0       0       0       0
      Locals:         0       0       0       0       0
      Temps:          1       0       0       0       0
      Totals:         1       0       0       0       0
Total ram usage:        1 bytes
 Hardware stack levels used:    1
 Hardware stack levels required when called:    4
 This function calls:
		_LCD_CmdWrite
 This function is called by:
		_LCD_DisplayChar
 This function uses a non-reentrant model


 *************** function _LCD_Init *****************
 Defined at:
		line 198 in file "../00-libfiles/lcd.c"
 Parameters:    Size  Location     Type
  v_lcdNoOfLin    1    wreg     unsigned char 
  v_MaxCharsPe    1   12[COMMON] unsigned char 
 Auto vars:     Size  Location     Type
  v_lcdNoOfLin    1    0[BANK0 ] unsigned char 
 Return value:  Size  Location     Type
                  1    wreg      void 
 Registers used:
		wreg, fsr0l, fsr0h, status,2, status,0, pclath, cstack
 Tracked objects:
		On entry : 
		On exit  : 
		Unchanged: 
 Data sizes:     COMMON   BANK0   BANK1   BANK3   BANK2
      Params:         1       0       0       0       0
      Locals:         0       1       0       0       0
      Temps:          1       0       0       0       0
      Totals:         2       1       0       0       0
Total ram usage:        3 bytes
 Hardware stack levels used:    1
 Hardware stack levels required when called:    6
 This function calls:
		_DELAY_ms
		_LCD_Clear
		_LCD_CmdWrite
		_lcd_Reset
 This function is called by:
		_main
 This function uses a non-reentrant model


 *************** function _lcd_Reset *****************
 Defined at:
		line 913 in file "../00-libfiles/lcd.c"
 Parameters:    Size  Location     Type
		None
 Auto vars:     Size  Location     Type
		None
 Return value:  Size  Location     Type
                  1    wreg      void 
 Registers used:
		wreg, fsr0l, fsr0h, status,2, status,0, pclath, cstack
 Tracked objects:
		On entry : 
		On exit  : 
		Unchanged: 
 Data sizes:     COMMON   BANK0   BANK1   BANK3   BANK2
      Params:         0       0       0       0       0
      Locals:         0       0       0       0       0
      Temps:          0       0       0       0       0
      Totals:         0       0       0       0       0
Total ram usage:        0 bytes
 Hardware stack levels used:    1
 Hardware stack levels required when called:    2
 This function calls:
		_DELAY_ms
		_DELAY_us
		_lcd_SendCmdSignals
		_lcd_SendHigherNibble
 This function is called by:
		_LCD_Init
 This function uses a non-reentrant model


 *************** function _LCD_Clear *****************
 Defined at:
		line 237 in file "../00-libfiles/lcd.c"
 Parameters:    Size  Location     Type
		None
 Auto vars:     Size  Location     Type
		None
 Return value:  Size  Location     Type
                  1    wreg      void 
 Registers used:
		wreg, fsr0l, fsr0h, status,2, status,0, pclath, cstack
 Tracked objects:
		On entry : 
		On exit  : 
		Unchanged: 
 Data sizes:     COMMON   BANK0   BANK1   BANK3   BANK2
      Params:         0       0       0       0       0
      Locals:         0       0       0       0       0
      Temps:          0       0       0       0       0
      Totals:         0       0       0       0       0
Total ram usage:        0 bytes
 Hardware stack levels used:    1
 Hardware stack levels required when called:    5
 This function calls:
		_LCD_CmdWrite
		_LCD_GoToLine
 This function is called by:
		_LCD_Init
 This function uses a non-reentrant model


 *************** function _LCD_GoToLine *****************
 Defined at:
		line 265 in file "../00-libfiles/lcd.c"
 Parameters:    Size  Location     Type
  v_lineNumber    1    wreg     unsigned char 
 Auto vars:     Size  Location     Type
  v_lineNumber    1   11[COMMON] unsigned char 
 Return value:  Size  Location     Type
                  1    wreg      void 
 Registers used:
		wreg, fsr0l, fsr0h, status,2, status,0, pclath, cstack
 Tracked objects:
		On entry : 
		On exit  : 
		Unchanged: 
 Data sizes:     COMMON   BANK0   BANK1   BANK3   BANK2
      Params:         0       0       0       0       0
      Locals:         1       0       0       0       0
      Temps:          1       0       0       0       0
      Totals:         2       0       0       0       0
Total ram usage:        2 bytes
 Hardware stack levels used:    1
 Hardware stack levels required when called:    4
 This function calls:
		_LCD_CmdWrite
 This function is called by:
		_LCD_Clear
		_main
 This function uses a non-reentrant model


 *************** function _LCD_CmdWrite *****************
 Defined at:
		line 358 in file "../00-libfiles/lcd.c"
 Parameters:    Size  Location     Type
  v_lcdCmd_u8     1    wreg     unsigned char 
 Auto vars:     Size  Location     Type
  v_lcdCmd_u8     1    9[COMMON] unsigned char 
 Return value:  Size  Location     Type
                  1    wreg      void 
 Registers used:
		wreg, fsr0l, fsr0h, status,2, status,0, pclath, cstack
 Tracked objects:
		On entry : 
		On exit  : 
		Unchanged: 
 Data sizes:     COMMON   BANK0   BANK1   BANK3   BANK2
      Params:         0       0       0       0       0
      Locals:         1       0       0       0       0
      Temps:          2       0       0       0       0
      Totals:         3       0       0       0       0
Total ram usage:        3 bytes
 Hardware stack levels used:    1
 Hardware stack levels required when called:    3
 This function calls:
		_lcd_BusyCheck
		_lcd_SendCmdSignals
		_lcd_SendHigherNibble
		_lcd_SendLowerNibble
 This function is called by:
		_LCD_Init
		_LCD_Clear
		_LCD_GoToLine
		_LCD_GoToNextLine
 This function uses a non-reentrant model


 *************** function _lcd_SendLowerNibble *****************
 Defined at:
		line 962 in file "../00-libfiles/lcd.c"
 Parameters:    Size  Location     Type
  dataByte        1    wreg     unsigned char 
 Auto vars:     Size  Location     Type
  dataByte        1    6[COMMON] unsigned char 
 Return value:  Size  Location     Type
                  1    wreg      void 
 Registers used:
		wreg, fsr0l, fsr0h, status,2, status,0, pclath, cstack
 Tracked objects:
		On entry : 
		On exit  : 
		Unchanged: 
 Data sizes:     COMMON   BANK0   BANK1   BANK3   BANK2
      Params:         0       0       0       0       0
      Locals:         1       0       0       0       0
      Temps:          1       0       0       0       0
      Totals:         2       0       0       0       0
Total ram usage:        2 bytes
 Hardware stack levels used:    1
 Hardware stack levels required when called:    1
 This function calls:
		_GPIO_PinWrite
 This function is called by:
		_LCD_CmdWrite
		_lcd_DataWrite
 This function uses a non-reentrant model


 *************** function _lcd_SendHigherNibble *****************
 Defined at:
		line 943 in file "../00-libfiles/lcd.c"
 Parameters:    Size  Location     Type
  dataByte        1    wreg     unsigned char 
 Auto vars:     Size  Location     Type
  dataByte        1    6[COMMON] unsigned char 
 Return value:  Size  Location     Type
                  1    wreg      void 
 Registers used:
		wreg, fsr0l, fsr0h, status,2, status,0, pclath, cstack
 Tracked objects:
		On entry : 
		On exit  : 
		Unchanged: 
 Data sizes:     COMMON   BANK0   BANK1   BANK3   BANK2
      Params:         0       0       0       0       0
      Locals:         1       0       0       0       0
      Temps:          1       0       0       0       0
      Totals:         2       0       0       0       0
Total ram usage:        2 bytes
 Hardware stack levels used:    1
 Hardware stack levels required when called:    1
 This function calls:
		_GPIO_PinWrite
 This function is called by:
		_LCD_CmdWrite
		_lcd_DataWrite
		_lcd_Reset
 This function uses a non-reentrant model


 *************** function _lcd_SendCmdSignals *****************
 Defined at:
		line 981 in file "../00-libfiles/lcd.c"
 Parameters:    Size  Location     Type
		None
 Auto vars:     Size  Location     Type
		None
 Return value:  Size  Location     Type
                  1    wreg      void 
 Registers used:
		wreg, fsr0l, fsr0h, status,2, status,0, pclath, cstack
 Tracked objects:
		On entry : 
		On exit  : 
		Unchanged: 
 Data sizes:     COMMON   BANK0   BANK1   BANK3   BANK2
      Params:         0       0       0       0       0
      Locals:         0       0       0       0       0
      Temps:          0       0       0       0       0
      Totals:         0       0       0       0       0
Total ram usage:        0 bytes
 Hardware stack levels used:    1
 Hardware stack levels required when called:    1
 This function calls:
		_DELAY_us
		_GPIO_PinWrite
 This function is called by:
		_LCD_CmdWrite
		_lcd_Reset
 This function uses a non-reentrant model


 *************** function _lcd_BusyCheck *****************
 Defined at:
		line 860 in file "../00-libfiles/lcd.c"
 Parameters:    Size  Location     Type
		None
 Auto vars:     Size  Location     Type
  busyflag        1    6[COMMON] unsigned char 
 Return value:  Size  Location     Type
                  1    wreg      void 
 Registers used:
		wreg, fsr0l, fsr0h, status,2, status,0, pclath, cstack
 Tracked objects:
		On entry : 
		On exit  : 
		Unchanged: 
 Data sizes:     COMMON   BANK0   BANK1   BANK3   BANK2
      Params:         0       0       0       0       0
      Locals:         1       0       0       0       0
      Temps:          1       0       0       0       0
      Totals:         2       0       0       0       0
Total ram usage:        2 bytes
 Hardware stack levels used:    1
 Hardware stack levels required when called:    2
 This function calls:
		_DELAY_ms
		_DELAY_us
		_GPIO_PinDirection
		_GPIO_PinRead
		_GPIO_PinWrite
 This function is called by:
		_LCD_CmdWrite
		_lcd_DataWrite
 This function uses a non-reentrant model


 *************** function _GPIO_PinWrite *****************
 Defined at:
		line 127 in file "../00-libfiles/gpio.c"
 Parameters:    Size  Location     Type
  enm_pinNumbe    1    wreg     enum E845
  var_pinValue    1    0[COMMON] unsigned char 
 Auto vars:     Size  Location     Type
  enm_pinNumbe    1    4[COMMON] enum E845
  var_portNumb    1    3[COMMON] unsigned char 
 Return value:  Size  Location     Type
                  1    wreg      void 
 Registers used:
		wreg, fsr0l, fsr0h, status,2, status,0
 Tracked objects:
		On entry : 
		On exit  : 
		Unchanged: 
 Data sizes:     COMMON   BANK0   BANK1   BANK3   BANK2
      Params:         1       0       0       0       0
      Locals:         2       0       0       0       0
      Temps:          2       0       0       0       0
      Totals:         5       0       0       0       0
Total ram usage:        5 bytes
 Hardware stack levels used:    1
 This function calls:
		Nothing
 This function is called by:
		_lcd_BusyCheck
		_lcd_SendHigherNibble
		_lcd_SendLowerNibble
		_lcd_SendCmdSignals
		_lcd_SendDataSignals
 This function uses a non-reentrant model


 *************** function _GPIO_PinRead *****************
 Defined at:
		line 192 in file "../00-libfiles/gpio.c"
 Parameters:    Size  Location     Type
  enm_pinNumbe    1    wreg     enum E845
 Auto vars:     Size  Location     Type
  enm_pinNumbe    1    4[COMMON] enum E845
  returnStatus    1    3[COMMON] unsigned char 
  var_portNumb    1    2[COMMON] unsigned char 
 Return value:  Size  Location     Type
                  1    wreg      unsigned char 
 Registers used:
		wreg, fsr0l, fsr0h, status,2, status,0
 Tracked objects:
		On entry : 
		On exit  : 
		Unchanged: 
 Data sizes:     COMMON   BANK0   BANK1   BANK3   BANK2
      Params:         0       0       0       0       0
      Locals:         3       0       0       0       0
      Temps:          2       0       0       0       0
      Totals:         5       0       0       0       0
Total ram usage:        5 bytes
 Hardware stack levels used:    1
 This function calls:
		Nothing
 This function is called by:
		_lcd_BusyCheck
 This function uses a non-reentrant model


 *************** function _GPIO_PinDirection *****************
 Defined at:
		line 60 in file "../00-libfiles/gpio.c"
 Parameters:    Size  Location     Type
  enm_pinNumbe    1    wreg     enum E845
  var_pinDirn_    1    0[COMMON] unsigned char 
 Auto vars:     Size  Location     Type
  enm_pinNumbe    1    4[COMMON] enum E845
  var_portNumb    1    3[COMMON] unsigned char 
 Return value:  Size  Location     Type
                  1    wreg      void 
 Registers used:
		wreg, fsr0l, fsr0h, status,2, status,0
 Tracked objects:
		On entry : 
		On exit  : 
		Unchanged: 
 Data sizes:     COMMON   BANK0   BANK1   BANK3   BANK2
      Params:         1       0       0       0       0
      Locals:         2       0       0       0       0
      Temps:          2       0       0       0       0
      Totals:         5       0       0       0       0
Total ram usage:        5 bytes
 Hardware stack levels used:    1
 This function calls:
		Nothing
 This function is called by:
		_LCD_SetUp
		_lcd_BusyCheck
 This function uses a non-reentrant model


 *************** function _DELAY_ms *****************
 Defined at:
		line 75 in file "../00-libfiles/delay.c"
 Parameters:    Size  Location     Type
  ms_count        2    2[COMMON] unsigned int 
 Auto vars:     Size  Location     Type
		None
 Return value:  Size  Location     Type
                  1    wreg      void 
 Registers used:
		wreg, status,2, status,0, pclath, cstack
 Tracked objects:
		On entry : 
		On exit  : 
		Unchanged: 
 Data sizes:     COMMON   BANK0   BANK1   BANK3   BANK2
      Params:         2       0       0       0       0
      Locals:         0       0       0       0       0
      Temps:          0       0       0       0       0
      Totals:         2       0       0       0       0
Total ram usage:        2 bytes
 Hardware stack levels used:    1
 Hardware stack levels required when called:    1
 This function calls:
		_DELAY_us
 This function is called by:
		_LCD_Init
		_lcd_BusyCheck
		_lcd_Reset
		_DELAY_sec
 This function uses a non-reentrant model


 *************** function _DELAY_us *****************
 Defined at:
		line 56 in file "../00-libfiles/delay.c"
 Parameters:    Size  Location     Type
  us_count        2    0[COMMON] unsigned int 
 Auto vars:     Size  Location     Type
		None
 Return value:  Size  Location     Type
                  1    wreg      void 
 Registers used:
		wreg, status,2, status,0
 Tracked objects:
		On entry : 
		On exit  : 
		Unchanged: 
 Data sizes:     COMMON   BANK0   BANK1   BANK3   BANK2
      Params:         2       0       0       0       0
      Locals:         0       0       0       0       0
      Temps:          0       0       0       0       0
      Totals:         2       0       0       0       0
Total ram usage:        2 bytes
 Hardware stack levels used:    1
 This function calls:
		Nothing
 This function is called by:
		_DELAY_ms
		_lcd_BusyCheck
		_lcd_Reset
		_lcd_SendCmdSignals
		_lcd_SendDataSignals
 This function uses a non-reentrant model



MODULE INFORMATION

Module		Function		Class		Link	Load	Size
../00-libfiles/gpio.c
		_GPIO_PinRead  		CODE           	0084	0000	162
		_GPIO_PinWrite 		CODE           	03B1	0000	235
		_GPIO_PinDirection		CODE           	02C6	0000	235

../00-libfiles/gpio.c estimated size: 632

../00-libfiles/lcd.c
		_LCD_Init      		CODE           	0E4C	0000	92
		_lcd_SendHigherNibble		CODE           	0D6F	0000	70
		_lcd_SendCmdSignals		CODE           	0C9E	0000	47
		_LCD_SetUp     		CODE           	01EA	0000	220
		_lcd_SendLowerNibble		CODE           	0DB5	0000	70
		_LCD_CmdWrite  		CODE           	0CFD	0000	57
		_LCD_Clear     		CODE           	0B5E	0000	13
		_LCD_DisplayString		CODE           	0BF8	0000	27
		_LCD_Printf    		CODE           	05A5	0000	555
		_LCD_DisplayNumber		CODE           	049C	0000	265
		_LCD_GoToLine  		CODE           	0BDD	0000	27
		_lcd_BusyCheck 		CODE           	0F6A	0000	150
		_LCD_GoToNextLine		CODE           	0C13	0000	29
		_lcd_Reset     		CODE           	0DFB	0000	81
		_lcd_DataWrite 		CODE           	0D36	0000	57
		_LCD_DisplayChar		CODE           	0C77	0000	39
		_lcd_SendDataSignals		CODE           	0CCD	0000	48

../00-libfiles/lcd.c estimated size: 1847

C:\Program Files\Microchip\xc8\v2.30\pic\sources\c90\common\__lldiv.c
		___lldiv       		CODE           	0F04	0000	102

C:\Program Files\Microchip\xc8\v2.30\pic\sources\c90\common\__lldiv.c estimated size: 102

C:\Program Files\Microchip\xc8\v2.30\pic\sources\c90\common\Umul8.c
		___bmul        		CODE           	0BAF	0000	23

C:\Program Files\Microchip\xc8\v2.30\pic\sources\c90\common\Umul8.c estimated size: 23

../00-libfiles/i2c.c
		_i2c_NoAck     		CODE           	0B55	0000	9
		_I2C_Write     		CODE           	0B87	0000	17
		_I2C_Stop      		CODE           	0B44	0000	8
		_i2c_Ack       		CODE           	0B4C	0000	9
		_I2C_Read      		CODE           	0C52	0000	37
		_I2C_Init      		CODE           	0B79	0000	14
		_i2c_WaitForIdle		CODE           	0BC6	0000	23
		_I2C_Start     		CODE           	0B3C	0000	8

../00-libfiles/i2c.c estimated size: 125

../00-libfiles/delay.c
		_DELAY_ms      		CODE           	0B98	0000	23
		_DELAY_us      		CODE           	0B6B	0000	14

../00-libfiles/delay.c estimated size: 37

shared
		__stringtab    		STRING         	0800	0000	6
		__initialization		CODE           	07D0	0000	44

shared estimated size: 50

main.c
		_main          		CODE           	0126	0000	196

main.c estimated size: 196

../00-libfiles/rtc.c
		_RTC_GetDateTime		CODE           	0003	0000	129
		_RTC_SetDateTime		CODE           	0EA8	0000	92
		_RTC_Init      		CODE           	0C30	0000	34

../00-libfiles/rtc.c estimated size: 255

