Microchip MPLAB XC8 Compiler V2.40

Linker command line:

-W-3 \
  --edf=C:\Program Files\Microchip\xc8\v2.40\pic\dat\20220703182018_en.msgs \
  -cn -h+dist/default/production\th_buoi_4.X.production.sym \
  --cmf=dist/default/production\th_buoi_4.X.production.cmf -z -Q16F877A \
  -oC:\Users\Admin\AppData\Local\Temp\xcAsb4g.4 --defsym=__MPLAB_BUILD=1 \
  --fixupoverflow=error \
  -Mdist/default/production/th_buoi_4.X.production.map \
  --md=C:\Users\Admin\AppData\Local\Temp\xcAsb4g.dat -E1 -ver=XC8 Compiler \
  --acfsm=1493 -ACODE=00h-07FFhx4 -ASTRCODE=00h-01FFFh -ASTRING=00h-0FFhx32 \
  -ACONST=00h-0FFhx32 -AENTRY=00h-0FFhx32 -ACOMMON=070h-07Fh \
  -ABANK0=020h-06Fh -ABANK1=0A0h-0EFh -ABANK2=0110h-016Fh \
  -ABANK3=0190h-01EFh -ARAM=020h-06Fh,0A0h-0EFh,0110h-016Fh,0190h-01EFh \
  -AABS1=020h-07Fh,0A0h-0EFh,0110h-016Fh,0190h-01EFh -ASFR0=00h-01Fh \
  -ASFR1=080h-09Fh -ASFR2=0100h-010Fh -ASFR3=0180h-018Fh \
  -ACONFIG=02007h-02007h -DCONFIG=2 -AIDLOC=02000h-02003h -DIDLOC=2 \
  -AEEDATA=00h-0FFh/02100h -peeprom_data=EEDATA -DEEDATA=2 -DCODE=2 \
  -DSTRCODE=2 -DSTRING=2 -DCONST=2 -DENTRY=2 \
  -preset_vec=00h,intentry=04h,init,end_init -ppowerup=CODE -pcinit=CODE \
  -pfunctab=ENTRY -k C:\Users\Admin\AppData\Local\Temp\xcAsb4g.o \
  dist/default/production\th_buoi_4.X.production.o 

Object code version is 3.11

Machine type is 16F877A



                Name                               Link     Load   Length Selector   Space Scale
C:\Users\Admin\AppData\Local\Temp\xcAsb4g.o
                end_init                              C        C        3        8       0
                reset_vec                             0        0        3        0       0
                config                             2007     2007        1        0       4
                idloc                              2000     2000        4        0       5
dist/default/production\th_buoi_4.X.production.o
                cinit                                 F        F       16        8       0
                intentry                              4        4        8        8       0
                config                             2007     2007        1        0       4
                idloc                              2000     2000        4        0       5
                text6                               29E      29E       30        8       0
                text5                               18D      18D       69        8       0
                text4                               1F6      1F6       5B        8       0
                text3                                D9       D9       B4        8       0
                text2                                25       25       B4        8       0
                text1                               2CE      2CE       17        8       0
                maintext                            251      251       4D        8       0
                cstackBANK0                          20       20       20       20       1
                cstackCOMMON                         70       70        6       70       1
                inittext                            2E5      2E5       13        8       0
                dataBANK0                            40       40        A       20       1
                bssCOMMON                            76       76        4       70       1
                idataBANK0                          2F8      2F8        A        8       0

TOTAL           Name                               Link     Load   Length     Space
        CLASS   CODE           
                end_init                              C        C        3         0
                cinit                                 F        F       16         0
                intentry                              4        4        8         0
                reset_vec                             0        0        3         0
                text6                               29E      29E       30         0
                text5                               18D      18D       69         0
                text4                               1F6      1F6       5B         0
                text3                                D9       D9       B4         0
                text2                                25       25       B4         0
                text1                               2CE      2CE       17         0
                maintext                            251      251       4D         0
                inittext                            2E5      2E5       13         0
                idataBANK0                          2F8      2F8        A         0

        CLASS   STRCODE        

        CLASS   STRING         

        CLASS   CONST          

        CLASS   ENTRY          

        CLASS   COMMON         
                cstackCOMMON                         70       70        6         1
                bssCOMMON                            76       76        4         1

        CLASS   BANK0          
                cstackBANK0                          20       20       20         1
                dataBANK0                            40       40        A         1

        CLASS   BANK1          

        CLASS   BANK2          

        CLASS   BANK3          

        CLASS   RAM            

        CLASS   ABS1           
                abs_s1                               7E       7E        2         1

        CLASS   SFR0           

        CLASS   SFR1           

        CLASS   SFR2           

        CLASS   SFR3           

        CLASS   CONFIG         
                config                             2007     2007        1         4

        CLASS   IDLOC          
                idloc                              2000     2000        4         5

        CLASS   EEDATA         

        CLASS   STACK          



SEGMENTS        Name                           Load    Length   Top    Selector   Space  Class     Delta

                reset_vec                      000000  000003  000003         0       0  CODE        2
                intentry                       000004  0002FE  000302         8       0  CODE        2
                cstackBANK0                    000020  00002A  00004A        20       1  BANK0       1
                cstackCOMMON                   000070  00000A  00007A        70       1  COMMON      1


UNUSED ADDRESS RANGES

        Name                Unused          Largest block    Delta
        BANK0            004A-006F             26           1
        BANK1            00A0-00EF             50           1
        BANK2            0110-016F             60           1
        BANK3            0190-01EF             60           1
        CODE             0003-0003              1           2
                         0302-1FFF            800
        COMMON           007A-007D              4           1
        CONST            0003-0003              1           2
                         0302-1FFF            100
        EEDATA           2100-21FF            100           2
        ENTRY            0003-0003              1           2
                         0302-1FFF            100
        RAM              004A-006F             26           1
                         00A0-00EF             50
                         0110-016F             60
                         0190-01EF             60
        SFR0             0000-001F             20           1
        SFR1             0080-009F             20           1
        SFR2             0100-010F             10           1
        SFR3             0180-018F             10           1
        STRCODE          0003-0003              1           2
                         0302-1FFF           1CFE
        STRING           0003-0003              1           2
                         0302-1FFF            100

                                  Symbol Table

?___awdiv                cstackBANK0  0026
?___awmod                cstackBANK0  0020
_GIE                     (abs)        005F
_Ma                      dataBANK0    0040
_PEIE                    (abs)        005E
_PORTB                   (abs)        0006
_PR2                     (abs)        0092
_RB7                     (abs)        0037
_RC0                     (abs)        0038
_RC3                     (abs)        003B
_RC6                     (abs)        003E
_T2CKPS0                 (abs)        0090
_T2CKPS1                 (abs)        0091
_TMR2                    (abs)        0011
_TMR2IE                  (abs)        0461
_TMR2IF                  (abs)        0061
_TMR2ON                  (abs)        0092
_TOUTPS0                 (abs)        0093
_TOUTPS1                 (abs)        0094
_TOUTPS2                 (abs)        0095
_TOUTPS3                 (abs)        0096
_TRISB                   (abs)        0086
_TRISC                   (abs)        0087
_TRISD                   (abs)        0088
__Habs1                  abs1         0000
__Hbank0                 bank0        0000
__Hbank1                 bank1        0000
__Hbank2                 bank2        0000
__Hbank3                 bank3        0000
__HbssCOMMON             bssCOMMON    0000
__Hcinit                 cinit        0025
__Hclrtext               clrtext      0000
__Hcode                  code         0000
__Hcommon                common       0000
__Hconfig                config       2008
__HcstackBANK0           cstackBANK0  0000
__HcstackCOMMON          cstackCOMMON 0000
__HdataBANK0             dataBANK0    0000
__Heeprom_data           eeprom_data  0000
__Hend_init              end_init     000F
__Hfunctab               functab      0000
__HidataBANK0            idataBANK0   0000
__Hidloc                 idloc        2004
__Hinit                  init         000C
__Hinittext              inittext     0000
__Hintentry              intentry     000C
__Hmaintext              maintext     0000
__Hpowerup               powerup      0000
__Hram                   ram          0000
__Hreset_vec             reset_vec    0003
__Hsfr0                  sfr0         0000
__Hsfr1                  sfr1         0000
__Hsfr2                  sfr2         0000
__Hsfr3                  sfr3         0000
__Hspace_0               (abs)        0302
__Hspace_1               (abs)        007A
__Hspace_2               (abs)        0000
__Hspace_3               (abs)        0000
__Hspace_4               (abs)        400F
__Hstack                 stack        0000
__Hstrings               strings      0000
__Htext                  text         0000
__Labs1                  abs1         0000
__Lbank0                 bank0        0000
__Lbank1                 bank1        0000
__Lbank2                 bank2        0000
__Lbank3                 bank3        0000
__LbssCOMMON             bssCOMMON    0000
__Lcinit                 cinit        000F
__Lclrtext               clrtext      0000
__Lcode                  code         0000
__Lcommon                common       0000
__Lconfig                config       0000
__LcstackBANK0           cstackBANK0  0000
__LcstackCOMMON          cstackCOMMON 0000
__LdataBANK0             dataBANK0    0000
__Leeprom_data           eeprom_data  0000
__Lend_init              end_init     000C
__Lfunctab               functab      0000
__LidataBANK0            idataBANK0   0000
__Lidloc                 idloc        0000
__Linit                  init         000C
__Linittext              inittext     0000
__Lintentry              intentry     0004
__Lmaintext              maintext     0000
__Lpowerup               powerup      0000
__Lram                   ram          0000
__Lreset_vec             reset_vec    0000
__Lsfr0                  sfr0         0000
__Lsfr1                  sfr1         0000
__Lsfr2                  sfr2         0000
__Lsfr3                  sfr3         0000
__Lspace_0               (abs)        0000
__Lspace_1               (abs)        0000
__Lspace_2               (abs)        0000
__Lspace_3               (abs)        0000
__Lspace_4               (abs)        0000
__Lstack                 stack        0000
__Lstrings               strings      0000
__Ltext                  text         0000
__S0                     (abs)        0302
__S1                     (abs)        007A
__S3                     (abs)        0000
___awdiv                 text5        018D
___awdiv@counter         cstackBANK0  002A
___awdiv@dividend        cstackBANK0  0028
___awdiv@divisor         cstackBANK0  0026
___awdiv@quotient        cstackBANK0  002C
___awdiv@sign            cstackBANK0  002B
___awmod                 text4        01F6
___awmod@counter         cstackBANK0  0024
___awmod@dividend        cstackBANK0  0022
___awmod@divisor         cstackBANK0  0020
___awmod@sign            cstackBANK0  0025
___int_sp                stack        0000
___latbits               (abs)        0002
___sp                    stack        0000
___stackhi               (abs)        0000
___stacklo               (abs)        0000
__end_of___awdiv         text5        01F6
__end_of___awmod         text4        0251
__end_of__initialization cinit        0021
__end_of_main            maintext     029E
__end_of_ngat_timer2     text6        02CE
__end_of_scanled         text3        018D
__end_of_scanled1        text2        00D9
__end_of_setup_timer2    text1        02E5
__initialization         cinit        000F
__pbssCOMMON             bssCOMMON    0076
__pcstackBANK0           cstackBANK0  0020
__pcstackCOMMON          cstackCOMMON 0070
__pdataBANK0             dataBANK0    0040
__pidataBANK0            idataBANK0   02F8
__pintentry              intentry     0004
__pmaintext              maintext     0251
__ptext1                 text1        02CE
__ptext2                 text2        0025
__ptext3                 text3        00D9
__ptext4                 text4        01F6
__ptext5                 text5        018D
__ptext6                 text6        029E
_count                   bssCOMMON    0076
_main                    maintext     0251
_ngat_timer2             text6        029E
_scanled                 text3        00D9
_scanled$689             cstackBANK0  0038
_scanled1                text2        0025
_scanled1$690            cstackBANK0  0038
_setup_timer2            text1        02CE
btemp                    (abs)        007E
end_of_initialization    cinit        0021
init_fetch0              inittext     02E5
init_ram0                inittext     02E9
interrupt_function       intentry     0004
intlevel0                functab      0000
intlevel1                functab      0000
intlevel2                functab      0000
intlevel3                functab      0000
intlevel4                functab      0000
intlevel5                functab      0000
main@j                   cstackBANK0  003C
main@k                   cstackBANK0  003E
reset_vec                reset_vec    0000
saved_w                  (abs)        007E
scanled1@c               cstackBANK0  0034
scanled1@dv              cstackBANK0  0036
scanled1@i               cstackBANK0  003A
scanled1@t               cstackBANK0  0032
scanled1@x               cstackBANK0  002E
scanled@c                cstackBANK0  0034
scanled@dv               cstackBANK0  0036
scanled@i                cstackBANK0  003A
scanled@t                cstackBANK0  0032
scanled@x                cstackBANK0  002E
start                    init         000C
start_initialization     cinit        000F
wtemp0                   (abs)        007E


MODULE INFORMATION

Module		Function		Class		Link	Load	Size
th buoi 4.c
		_ngat_timer2   		CODE           	029E	0000	48
		_scanled       		CODE           	00D9	0000	180
		_scanled1      		CODE           	0025	0000	180
		_main          		CODE           	0251	0000	77
		_setup_timer2  		CODE           	02CE	0000	23

th buoi 4.c estimated size: 508

C:\Program Files\Microchip\xc8\v2.40\pic\sources\c90\common\awdiv.c
		___awdiv       		CODE           	018D	0000	105

C:\Program Files\Microchip\xc8\v2.40\pic\sources\c90\common\awdiv.c estimated size: 105

shared
		__initialization		CODE           	000F	0000	18

shared estimated size: 18

C:\Program Files\Microchip\xc8\v2.40\pic\sources\c90\common\awmod.c
		___awmod       		CODE           	01F6	0000	91

C:\Program Files\Microchip\xc8\v2.40\pic\sources\c90\common\awmod.c estimated size: 91

