Microchip MPLAB XC8 Compiler V2.40

Linker command line:

-W-3 \
  --edf=C:\Program Files\Microchip\xc8\v2.40\pic\dat\20220703182018_en.msgs \
  -cn -h+dist/default/production\bsi_3.X.production.sym \
  --cmf=dist/default/production\bsi_3.X.production.cmf -z -w9 \
  --disl=596:off --norlf -Q16F877A \
  -oC:\Users\Admin\AppData\Local\Temp\xcAsab4.4 --defsym=__MPLAB_BUILD=1 \
  -Mdist/default/production/bsi_3.X.production.map \
  --md=C:\Users\Admin\AppData\Local\Temp\xcAsab4.dat -E1 -ver=XC8 Compiler \
  --acfsm=1493 -ACODE=00h-07FFhx4 -ASTRCODE=00h-01FFFh -ASTRING=00h-0FFhx32 \
  -ACONST=00h-0FFhx32 -AENTRY=00h-0FFhx32 -ACOMMON=070h-07Fh \
  -ABANK0=020h-06Fh -ABANK1=0A0h-0EFh -ABANK2=0110h-016Fh \
  -ABANK3=0190h-01EFh -ARAM=020h-06Fh,0A0h-0EFh,0110h-016Fh,0190h-01EFh \
  -AABS1=020h-07Fh,0A0h-0EFh,0110h-016Fh,0190h-01EFh -ASFR0=00h-01Fh \
  -ASFR1=080h-09Fh -ASFR2=0100h-010Fh -ASFR3=0180h-018Fh \
  -ACONFIG=02007h-02007h -DCONFIG=2 -AIDLOC=02000h-02003h -DIDLOC=2 \
  -AEEDATA=00h-0FFh/02100h -peeprom_data=EEDATA -DEEDATA=2 -DCODE=2 \
  -DSTRCODE=2 -DSTRING=2 -DCONST=2 -DENTRY=2 \
  -preset_vec=00h,intentry,init,end_init -ppowerup=CODE -pcinit=CODE \
  -pfunctab=ENTRY -k C:\Users\Admin\AppData\Local\Temp\xcAsab4.o \
  dist/default/production\bsi_3.X.production.o 

Object code version is 3.11

Machine type is 16F877A



                Name                               Link     Load   Length Selector   Space Scale
C:\Users\Admin\AppData\Local\Temp\xcAsab4.o
                end_init                              0        0        4        0       0
                config                             2007     2007        1        0       4
                idloc                              2000     2000        4        0       5
dist/default/production\bsi_3.X.production.o
                cinit                               7F2      7F2        E      FE4       0
                text1_split_2                        D9       D9      719      1B2       0
                text1_split_1                       C88      C88      378     1910       0
                config                             2007     2007        1        0       4
                idloc                              2000     2000        4        0       5
                text30                             1009     1009       15     2012       0
                text29                                0        0       22        0       0
                text28                                5        5       1A        A       0
                text27                               22       22       5E        0       0
                text26                               80       80       46        0       0
                text25                               C6       C6       35        0       0
                text24                               FB       FB       42        0       0
                text23                             18BF     18BF       12     317E       0
                text22                             1229     1229      292     2452       0
                text21                              13D      13D       4E        0       0
                text20                             1949     1949       A4     3292       0
                text19                             18B4     18B4        B     3168       0
                text18                             1DA8     1DA8      258     3B50       0
                text17                              18B      18B       50        0       0
                text16                             18D1     18D1       78     31A2       0
                text15                              1DB      1DB       66        0       0
                text14                              241      241       54        0       0
                text13                              295      295       25        0       0
                text12                               1F       1F       BA       3E       0
                text11                              871      871       B8     10E2       0
                text10                             19ED     19ED       B7     33DA       0
                text9                               2BA      2BA       27        0       0
                text8                              14BB     14BB      345     2976       0
                text7                               2E1      2E1       44        0       0
                text6                               325      325       3A        0       0
                text5                              101E     101E      20B     203C       0
                text4                               808      808       69     1010       0
                text3                               35F      35F       59        0       0
                text2                               929      929      35F     1252       0
                text1                              1BF2     1BF2      1B6     37E4       0
                maintext                           1AA4     1AA4      14E     3548       0
                cstackBANK0                          20       20       50       20       1
                cstackCOMMON                         70       70        E       70       1
                cstackBANK1                          A0       A0       3F       A0       1
                cstackBANK3                         190      190       14      190       1
                bssBANK3                            1A4      1A4        8      190       1
                strings                            1800     1800       B0     3000       0

TOTAL           Name                               Link     Load   Length     Space
        CLASS   CODE           
                end_init                              0        0        4         0
                cinit                               7F2      7F2        E         0
                text1_split_2                        D9       D9      719         0
                text1_split_1                       C88      C88      378         0
                text30                             1009     1009       15         0
                text29                                0        0       22         0
                text28                                5        5       1A         0
                text27                               22       22       5E         0
                text26                               80       80       46         0
                text25                               C6       C6       35         0
                text24                               FB       FB       42         0
                text23                             18BF     18BF       12         0
                text22                             1229     1229      292         0
                text21                              13D      13D       4E         0
                text20                             1949     1949       A4         0
                text19                             18B4     18B4        B         0
                text18                             1DA8     1DA8      258         0
                text17                              18B      18B       50         0
                text16                             18D1     18D1       78         0
                text15                              1DB      1DB       66         0
                text14                              241      241       54         0
                text13                              295      295       25         0
                text12                               1F       1F       BA         0
                text11                              871      871       B8         0
                text10                             19ED     19ED       B7         0
                text9                               2BA      2BA       27         0
                text8                              14BB     14BB      345         0
                text7                               2E1      2E1       44         0
                text6                               325      325       3A         0
                text5                              101E     101E      20B         0
                text4                               808      808       69         0
                text3                               35F      35F       59         0
                text2                               929      929      35F         0
                text1                              1BF2     1BF2      1B6         0
                maintext                           1AA4     1AA4      14E         0

        CLASS   STRCODE        

        CLASS   STRING         
                strings                            1800     1800       B0         0

        CLASS   CONST          

        CLASS   ENTRY          

        CLASS   COMMON         
                cstackCOMMON                         70       70        E         1

        CLASS   BANK0          
                cstackBANK0                          20       20       50         1

        CLASS   BANK1          
                cstackBANK1                          A0       A0       3F         1

        CLASS   BANK2          

        CLASS   BANK3          
                cstackBANK3                         190      190       14         1
                bssBANK3                            1A4      1A4        8         1

        CLASS   RAM            

        CLASS   ABS1           
                abs_s1                               7E       7E        2         1

        CLASS   SFR0           

        CLASS   SFR1           

        CLASS   SFR2           

        CLASS   SFR3           

        CLASS   CONFIG         
                config                             2007     2007        1         4

        CLASS   IDLOC          
                idloc                              2000     2000        4         5

        CLASS   EEDATA         

        CLASS   STACK          



SEGMENTS        Name                           Load    Length   Top    Selector   Space  Class     Delta

                reset_vec                      000000  000004  000004         0       0  CODE        2
                text28                         000005  00001A  00001F         A       0  CODE        2
                cstackBANK0                    000020  000050  000070        20       1  BANK0       1
                text12                         00001F  0000BA  0000D9        3E       0  CODE        2
                cstackCOMMON                   000070  00000E  00007E        70       1  COMMON      1
                cstackBANK1                    0000A0  00003F  0000DF        A0       1  BANK1       1
                cstackBANK3                    000190  00001C  0001AC       190       1  BANK3       1
                text1_split_2                  0000D9  000719  0007F2       1B2       0  CODE        2
                cinit                          0007F2  00000E  000800       FE4       0  CODE        2
                text4                          000808  000069  000871      1010       0  CODE        2
                text11                         000871  0000B8  000929      10E2       0  CODE        2
                text2                          000929  00035F  000C88      1252       0  CODE        2
                text1_split_1                  000C88  000378  001000      1910       0  CODE        2
                text30                         001009  000015  00101E      2012       0  CODE        2
                text5                          00101E  00020B  001229      203C       0  CODE        2
                text22                         001229  000292  0014BB      2452       0  CODE        2
                text8                          0014BB  000345  001800      2976       0  CODE        2
                strings                        001800  0000B0  0018B0      3000       0  STRING      2
                text19                         0018B4  00000B  0018BF      3168       0  CODE        2
                text23                         0018BF  000012  0018D1      317E       0  CODE        2
                text16                         0018D1  000078  001949      31A2       0  CODE        2
                text20                         001949  0000A4  0019ED      3292       0  CODE        2
                text10                         0019ED  0000B7  001AA4      33DA       0  CODE        2
                maintext                       001AA4  00014E  001BF2      3548       0  CODE        2
                text1                          001BF2  0001B6  001DA8      37E4       0  CODE        2
                text18                         001DA8  000258  002000      3B50       0  CODE        2


UNUSED ADDRESS RANGES

        Name                Unused          Largest block    Delta
        BANK1            0000DF-0000EF               11           1
        BANK2            000110-00016F               60           1
        BANK3            0001AC-0001EF               44           1
        CODE             000800-000807                8           2
                         001000-001008                9
                         0018B0-0018B3                4
        CONST            000800-000807                8           2
                         001000-001008                9
                         0018B0-0018B3                4
        EEDATA           002100-0021FF              100           2
        ENTRY            000800-000807                8           2
                         001000-001008                9
                         0018B0-0018B3                4
        RAM              0000DF-0000EF               11           1
                         000110-00016F               60
                         0001AC-0001EF               44
        SFR0             000000-00001F               20           1
        SFR1             000080-00009F               20           1
        SFR2             000100-00010F               10           1
        SFR3             000180-00018F               10           1
        STRCODE          000800-000807                8           2
                         001000-001008                9
                         0018B0-0018B3                4
        STRING           000800-000807                8           2
                         001000-001008                9
                         0018B0-0018B3                4

                                  Symbol Table

_Lcd_Port                 text29       000000
__Habs1                   abs1         000000
__Hbank0                  bank0        000000
__Hbank1                  bank1        000000
__Hbank2                  bank2        000000
__Hbank3                  bank3        000000
__Hclrtext                clrtext      000000
__Hcode                   code         000000
__Hcommon                 common       000000
__Heeprom_data            eeprom_data  000000
__Hfunctab                functab      000000
__Hinit                   init         000000
__Hintentry               intentry     000000
__Hmaintext               maintext     000000
__Hpowerup                powerup      000000
__Hram                    ram          000000
__Hreset_vec              reset_vec    000000
__Hsfr0                   sfr0         000000
__Hsfr1                   sfr1         000000
__Hsfr2                   sfr2         000000
__Hsfr3                   sfr3         000000
__Hspace_2                (abs)        000000
__Hspace_3                (abs)        000000
__Hstack                  stack        000000
__Hstrings                strings      000000
__Htext                   text         000000
__Labs1                   abs1         000000
__Lbank0                  bank0        000000
__Lbank1                  bank1        000000
__Lbank2                  bank2        000000
__Lbank3                  bank3        000000
__Lclrtext                clrtext      000000
__Lcode                   code         000000
__Lcommon                 common       000000
__Lconfig                 config       000000
__Leeprom_data            eeprom_data  000000
__Lend_init               end_init     000000
__Lfunctab                functab      000000
__Lidloc                  idloc        000000
__Linit                   init         000000
__Lintentry               intentry     000000
__Lmaintext               maintext     000000
__Lpowerup                powerup      000000
__Lram                    ram          000000
__Lreset_vec              reset_vec    000000
__Lsfr0                   sfr0         000000
__Lsfr1                   sfr1         000000
__Lsfr2                   sfr2         000000
__Lsfr3                   sfr3         000000
__Lspace_0                (abs)        000000
__Lspace_1                (abs)        000000
__Lspace_2                (abs)        000000
__Lspace_3                (abs)        000000
__Lspace_4                (abs)        000000
__Lstack                  stack        000000
__Lstrings                strings      000000
__Ltext                   text         000000
__S3                      (abs)        000000
___int_sp                 stack        000000
___sp                     stack        000000
___stackhi                (abs)        000000
___stacklo                (abs)        000000
__ptext29                 text29       000000
intlevel0                 functab      000000
intlevel1                 functab      000000
intlevel2                 functab      000000
intlevel3                 functab      000000
intlevel4                 functab      000000
intlevel5                 functab      000000
reset_vec                 reset_vec    000000
start                     init         000000
___latbits                (abs)        000002
_PORTBbits                (abs)        000006
__Hend_init               end_init     000004
_Lcd_Cmd                  text28       000005
__ptext28                 text28       000005
pnum$text1                (abs)        00000A
_ADRESH                   (abs)        00001E
_ADCON0bits               (abs)        00001F
?___xxtofl                cstackBANK0  000020
___awdiv@counter          cstackBANK0  000020
___xxtofl@val             cstackBANK0  000020
__div_to_l_@quot          cstackBANK0  000020
__pcstackBANK0            cstackBANK0  000020
__tdiv_to_l_@quot         cstackBANK0  000020
___awdiv@sign             cstackBANK0  000021
___awdiv@quotient         cstackBANK0  000022
__div_to_l_@cntr          cstackBANK0  000024
__tdiv_to_l_@cntr         cstackBANK0  000024
__div_to_l_@exp1          cstackBANK0  000025
__tdiv_to_l_@exp1         cstackBANK0  000025
_RA0                      (abs)        000028
___xxtofl@sign            cstackBANK0  000028
___xxtofl@exp             cstackBANK0  000029
___xxtofl@arg             cstackBANK0  00002A
pnum$text1_split_1        (abs)        00002A
pnum$text1_split_2        (abs)        00002B
?___flmul                 cstackBANK0  00002E
___flmul@b                cstackBANK0  00002E
___flmul@a                cstackBANK0  000032
___flmul@sign             cstackBANK0  00003B
___flmul@grs              cstackBANK0  00003C
___xxtofl                 text12       00001F
__end_of_Lcd_Cmd          text28       00001F
__ptext12                 text12       00001F
___flmul@aexp             cstackBANK0  000040
___flmul@bexp             cstackBANK0  000041
_RD2                      (abs)        000042
___flmul@prod             cstackBANK0  000042
_RD3                      (abs)        000043
_Lcd_Init                 text27       000022
_RD4                      (abs)        000044
__end_of_Lcd_Port         text29       000022
__ptext27                 text27       000022
_RD5                      (abs)        000045
_RD6                      (abs)        000046
___flmul@temp             cstackBANK0  000046
_RD7                      (abs)        000047
?_fround                  cstackBANK0  000048
?_scale                   cstackBANK0  000048
_fround$895               cstackBANK0  000053
_scale$896                cstackBANK0  000056
_fround$894               cstackBANK0  000057
scale@scl                 cstackBANK0  00005A
?___fldiv                 cstackBANK0  00005B
?___fltol                 cstackBANK0  00005B
___fldiv@a                cstackBANK0  00005B
___fltol@f1               cstackBANK0  00005B
fround@prec               cstackBANK0  00005B
?___fladd                 cstackBANK0  00005C
___fladd@b                cstackBANK0  00005C
___fldiv@b                cstackBANK0  00005F
___fladd@a                cstackBANK0  000060
___fltol@sign1            cstackBANK0  000063
___fltol@exp1             cstackBANK0  000064
___fladd@signs            cstackBANK0  00006C
___fladd@aexp             cstackBANK0  00006D
___fladd@bexp             cstackBANK0  00006E
___fladd@grs              cstackBANK0  00006F
?_ReadADC                 cstackCOMMON 000070
?__Umul8_16               cstackCOMMON 000070
?___awmod                 cstackCOMMON 000070
?___flneg                 cstackCOMMON 000070
?___lldiv                 cstackCOMMON 000070
?___llmod                 cstackCOMMON 000070
?___lwmod                 cstackCOMMON 000070
?___wmul                  cstackCOMMON 000070
?__div_to_l_              cstackCOMMON 000070
?__tdiv_to_l_             cstackCOMMON 000070
Lcd_Port@a                cstackCOMMON 000070
__Umul8_16@multiplicand   cstackCOMMON 000070
___awmod@divisor          cstackCOMMON 000070
___fleq@ff1               cstackCOMMON 000070
___flneg@f1               cstackCOMMON 000070
___lldiv@divisor          cstackCOMMON 000070
___llmod@divisor          cstackCOMMON 000070
___lwmod@divisor          cstackCOMMON 000070
___wmul@multiplier        cstackCOMMON 000070
__div_to_l_@f1            cstackCOMMON 000070
__pcstackCOMMON           cstackCOMMON 000070
__tdiv_to_l_@f1           cstackCOMMON 000070
Lcd_Write_Char@temp       cstackCOMMON 000072
ReadADC@TempValue         cstackCOMMON 000072
___awmod@dividend         cstackCOMMON 000072
___lwmod@dividend         cstackCOMMON 000072
___wmul@multiplicand      cstackCOMMON 000072
Lcd_Cmd@a                 cstackCOMMON 000073
Lcd_Write_Char@y          cstackCOMMON 000073
Lcd_Set_Cursor@b          cstackCOMMON 000074
Lcd_Write_Char@a          cstackCOMMON 000074
__Umul8_16@product        cstackCOMMON 000074
___fleq@ff2               cstackCOMMON 000074
___lldiv@dividend         cstackCOMMON 000074
___llmod@dividend         cstackCOMMON 000074
___wmul@product           cstackCOMMON 000074
__div_to_l_@f2            cstackCOMMON 000074
__tdiv_to_l_@f2           cstackCOMMON 000074
Lcd_Write_String@a        cstackCOMMON 000075
___awmod@counter          cstackCOMMON 000075
___lwmod@counter          cstackCOMMON 000075
?___lwdiv                 cstackCOMMON 000076
Lcd_Set_Cursor@a          cstackCOMMON 000076
__Umul8_16@word_mpld      cstackCOMMON 000076
___awmod@sign             cstackCOMMON 000076
___lwdiv@divisor          cstackCOMMON 000076
?___awdiv                 cstackCOMMON 000077
Lcd_Set_Cursor@z          cstackCOMMON 000077
___awdiv@divisor          cstackCOMMON 000077
Lcd_Set_Cursor@y          cstackCOMMON 000078
__Umul8_16@multiplier     cstackCOMMON 000078
___lwdiv@dividend         cstackCOMMON 000078
Lcd_Set_Cursor@temp       cstackCOMMON 000079
___awdiv@dividend         cstackCOMMON 000079
___lldiv@quotient         cstackCOMMON 000079
___llmod@counter          cstackCOMMON 000079
Lcd_Write_String@i        cstackCOMMON 00007A
___lwdiv@quotient         cstackCOMMON 00007B
___lldiv@counter          cstackCOMMON 00007D
___lwdiv@counter          cstackCOMMON 00007D
btemp                     (abs)        00007E
wtemp0                    (abs)        00007E
_TRISB                    (abs)        000086
_TRISD                    (abs)        000088
_ADRESL                   (abs)        00009E
_ADCON1bits               (abs)        00009F
?___flsub                 cstackBANK1  0000A0
___fldiv@rem              cstackBANK1  0000A0
___flsub@a                cstackBANK1  0000A0
__pcstackBANK1            cstackBANK1  0000A0
___fldiv@sign             cstackBANK1  0000A4
___flsub@b                cstackBANK1  0000A4
___fldiv@new_exp          cstackBANK1  0000A5
___fldiv@grs              cstackBANK1  0000A7
___flge@ff1               cstackBANK1  0000A8
___fldiv@bexp             cstackBANK1  0000AB
___fldiv@aexp             cstackBANK1  0000AC
___flge@ff2               cstackBANK1  0000AC
?_sprintf                 cstackBANK1  0000B4
sprintf@f                 cstackBANK1  0000B4
_sprintf$897              cstackBANK1  0000BE
sprintf@ap                cstackBANK1  0000C2
sprintf@temp              cstackBANK1  0000C3
sprintf@flag              cstackBANK1  0000C7
sprintf@tmpval            cstackBANK1  0000C9
sprintf@val               cstackBANK1  0000CD
sprintf@prec              cstackBANK1  0000D1
sprintf@eexp              cstackBANK1  0000D3
sprintf@sp                cstackBANK1  0000D5
sprintf@fval              cstackBANK1  0000D6
sprintf@c                 cstackBANK1  0000DA
_Lcd_Set_Cursor           text26       000080
__end_of_Lcd_Init         text27       000080
__ptext26                 text26       000080
_Lcd_Write_Char           text25       0000C6
__end_of_Lcd_Set_Cursor   text26       0000C6
__ptext25                 text25       0000C6
__pcstackBANK3            cstackBANK3  000190
main@s                    cstackBANK3  000190
__pbssBANK3               bssBANK3     0001A4
_f                        bssBANK3     0001A4
_voltage                  bssBANK3     0001A8
_ADC_value                bssBANK3     0001AA
__Hspace_1                (abs)        0001AC
__S1                      (abs)        0001AC
__end_of___xxtofl         text12       0000D9
_Lcd_Write_String         text24       0000FB
__end_of_Lcd_Write_Char   text25       0000FB
__ptext24                 text24       0000FB
___fleq                   text21       00013D
__end_of_Lcd_Write_String text24       00013D
__ptext21                 text21       00013D
___flsub                  text17       00018B
__end_of___fleq           text21       00018B
__ptext17                 text17       00018B
___lldiv                  text15       0001DB
__end_of___flsub          text17       0001DB
__ptext15                 text15       0001DB
_TRISA0                   (abs)        000428
___llmod                  text14       000241
__end_of___lldiv          text15       000241
__ptext14                 text14       000241
___wmul                   text13       000295
__end_of___llmod          text14       000295
__ptext13                 text13       000295
__Umul8_16                text9        0002BA
__end_of___wmul           text13       0002BA
__ptext9                  text9        0002BA
___lwdiv                  text7        0002E1
__end_of__Umul8_16        text9        0002E1
__ptext7                  text7        0002E1
___lwmod                  text6        000325
__end_of___lwdiv          text7        000325
__ptext6                  text6        000325
___awmod                  text3        00035F
__end_of___lwmod          text6        00035F
__ptext3                  text3        00035F
__HbssBANK3               bssBANK3     000770
__HcstackBANK0            cstackBANK0  000770
__HcstackBANK1            cstackBANK1  000770
__HcstackBANK3            cstackBANK3  000770
__HcstackCOMMON           cstackCOMMON 000770
__LbssBANK3               bssBANK3     000770
__LcstackBANK0            cstackBANK0  000770
__LcstackBANK1            cstackBANK1  000770
__LcstackBANK3            cstackBANK3  000770
__LcstackCOMMON           cstackCOMMON 000770
__end_of___awmod          text3        0003B8
__Lcinit                  cinit        0007F2
__end_of_sprintf          text1_split_2 0007F2
__initialization          cinit        0007F2
start_initialization      cinit        0007F2
__end_of__initialization  cinit        0007FC
end_of_initialization     cinit        0007FC
__Hcinit                  cinit        000800
___awdiv                  text4        000808
__ptext4                  text4        000808
__div_to_l_               text11       000871
__end_of___awdiv          text4        000871
__ptext11                 text11       000871
__end_of__div_to_l_       text11       000929
__ptext2                  text2        000929
_scale                    text2        000929
__end_of_scale            text2        000C88
__Hspace_0                (abs)        002000
__S0                      (abs)        002000
_ADC_init                 text30       001009
__ptext30                 text30       001009
__end_of_ADC_init         text30       00101E
__ptext5                  text5        00101E
_fround                   text5        00101E
___fldiv                  text22       001229
__end_of_fround           text5        001229
__ptext22                 text22       001229
___flmul                  text8        0014BB
__end_of___fldiv          text22       0014BB
__ptext8                  text8        0014BB
__end_of___flmul          text8        001800
__pstrings                strings      001800
__stringtab               strings      001800
__stringbase              strings      00180F
__end_of__stringtab       strings      001810
__powers_                 strings      001810
__end_of__powers_         strings      001844
__npowers_                strings      001844
__end_of__npowers_        strings      001878
_dpowers                  strings      001878
__end_of_dpowers          strings      0018A0
___flneg                  text19       0018B4
__ptext19                 text19       0018B4
_ReadADC                  text23       0018BF
__end_of___flneg          text19       0018BF
__ptext23                 text23       0018BF
___fltol                  text16       0018D1
__end_of_ReadADC          text23       0018D1
__ptext16                 text16       0018D1
___flge                   text20       001949
__end_of___fltol          text16       001949
__ptext20                 text20       001949
__end_of___flge           text20       0019ED
__ptext10                 text10       0019ED
__tdiv_to_l_              text10       0019ED
__end_of__tdiv_to_l_      text10       001AA4
__pmaintext               maintext     001AA4
_main                     maintext     001AA4
__end_of_main             maintext     001BF2
__ptext1                  text1        001BF2
_sprintf                  text1        001BF2
___fladd                  text18       001DA8
__ptext18                 text18       001DA8
__end_of___fladd          text18       002000
__Hidloc                  idloc        002004
__Hspace_4                (abs)        00400F
__Hconfig                 config       002008
psplit$0                  (abs)        0A002A
psplit$1                  (abs)        2A002B
