Microchip MPLAB XC8 Compiler V2.40

Linker command line:

-W-3 \
  --edf=C:\Program Files\Microchip\xc8\v2.40\pic\dat\20220703182018_en.msgs \
  -cn -h+dist/default/production\LCD.X.production.sym \
  --cmf=dist/default/production\LCD.X.production.cmf -z -Q16F887 \
  -oC:\Users\Admin\AppData\Local\Temp\xcAsj3o.4 --defsym=__MPLAB_BUILD=1 \
  --fixupoverflow=error -Mdist/default/production/LCD.X.production.map \
  --md=C:\Users\Admin\AppData\Local\Temp\xcAsj3o.dat -E1 -ver=XC8 Compiler \
  --acfsm=1493 -ACODE=00h-07FFhx4 -ASTRCODE=00h-01FFFh -ASTRING=00h-0FFhx32 \
  -ACONST=00h-0FFhx32 -AENTRY=00h-0FFhx32 -ACOMMON=070h-07Fh \
  -ABANK0=020h-06Fh -ABANK1=0A0h-0EFh -ABANK2=0110h-016Fh \
  -ABANK3=0190h-01EFh -ARAM=020h-06Fh,0A0h-0EFh,0110h-016Fh,0190h-01EFh \
  -AABS1=020h-07Fh,0A0h-0EFh,0110h-016Fh,0190h-01EFh -ASFR0=00h-01Fh \
  -ASFR1=080h-09Fh -ASFR2=0100h-010Fh -ASFR3=0180h-018Fh \
  -ACONFIG=02007h-02008h -DCONFIG=2 -AIDLOC=02000h-02003h -DIDLOC=2 \
  -AEEDATA=00h-0FFh/02100h -peeprom_data=EEDATA -DEEDATA=2 -DCODE=2 \
  -DSTRCODE=2 -DSTRING=2 -DCONST=2 -DENTRY=2 \
  -preset_vec=00h,intentry,init,end_init -ppowerup=CODE -pcinit=CODE \
  -pfunctab=ENTRY -k C:\Users\Admin\AppData\Local\Temp\xcAsj3o.o \
  dist/default/production\LCD.X.production.o 

Object code version is 3.11

Machine type is 16F887



                Name                               Link     Load   Length Selector   Space Scale
C:\Users\Admin\AppData\Local\Temp\xcAsj3o.o
                end_init                              0        0        3        0       0
                config                             2007     2007        2        0       4
                idloc                              2000     2000        4        0       5
dist/default/production\LCD.X.production.o
                cinit                               7F9      7F9        7      FF2       0
                config                             2007     2007        2        0       4
                idloc                              2000     2000        4        0       5
                text7                               591      591       30      B22       0
                text6                               5FA      5FA       42      BF4       0
                text5                               5C1      5C1       39      B82       0
                text4                               694      694       9D      D28       0
                text3                               54C      54C       22      A98       0
                text2                               63C      63C       58      C78       0
                text1                               56E      56E       23      ADC       0
                maintext                            731      731       C8      E62       0
                cstackBANK0                          20       20        4       20       1
                cstackCOMMON                         70       70        E       70       1
                bssBANK0                             24       24        1       20       1
                strings                               3        3       41        6       0

TOTAL           Name                               Link     Load   Length     Space
        CLASS   CODE           
                end_init                              0        0        3         0
                cinit                               7F9      7F9        7         0
                text7                               591      591       30         0
                text6                               5FA      5FA       42         0
                text5                               5C1      5C1       39         0
                text4                               694      694       9D         0
                text3                               54C      54C       22         0
                text2                               63C      63C       58         0
                text1                               56E      56E       23         0
                maintext                            731      731       C8         0

        CLASS   STRCODE        

        CLASS   STRING         
                strings                               3        3       41         0

        CLASS   CONST          

        CLASS   ENTRY          

        CLASS   COMMON         
                cstackCOMMON                         70       70        E         1

        CLASS   BANK0          
                cstackBANK0                          20       20        4         1
                bssBANK0                             24       24        1         1

        CLASS   BANK1          

        CLASS   BANK2          

        CLASS   BANK3          

        CLASS   RAM            

        CLASS   ABS1           
                abs_s1                               7E       7E        2         1

        CLASS   SFR0           

        CLASS   SFR1           

        CLASS   SFR2           

        CLASS   SFR3           

        CLASS   CONFIG         
                config                             2007     2007        2         4

        CLASS   IDLOC          
                idloc                              2000     2000        4         5

        CLASS   EEDATA         

        CLASS   STACK          



SEGMENTS        Name                           Load    Length   Top    Selector   Space  Class     Delta

                reset_vec                      000000  000003  000003         0       0  CODE        2
                strings                        000003  000041  000044         6       0  STRING      2
                cstackBANK0                    000020  000005  000025        20       1  BANK0       1
                cstackCOMMON                   000070  00000E  00007E        70       1  COMMON      1
                text3                          00054C  000022  00056E       A98       0  CODE        2
                text1                          00056E  000023  000591       ADC       0  CODE        2
                text7                          000591  000030  0005C1       B22       0  CODE        2
                text5                          0005C1  000039  0005FA       B82       0  CODE        2
                text6                          0005FA  000042  00063C       BF4       0  CODE        2
                text2                          00063C  000058  000694       C78       0  CODE        2
                text4                          000694  00009D  000731       D28       0  CODE        2
                maintext                       000731  0000C8  0007F9       E62       0  CODE        2
                cinit                          0007F9  000007  000800       FF2       0  CODE        2


UNUSED ADDRESS RANGES

        Name                Unused          Largest block    Delta
        BANK0            0025-006F             4B           1
        BANK1            00A0-00EF             50           1
        BANK2            0110-016F             60           1
        BANK3            0190-01EF             60           1
        CODE             0044-054B            508           2
                         0800-1FFF            800
        CONST            0044-054B            100           2
                         0800-1FFF            100
        EEDATA           2100-21FF            100           2
        ENTRY            0044-054B            100           2
                         0800-1FFF            100
        RAM              0025-006F             4B           1
                         00A0-00EF             50
                         0110-016F             60
                         0190-01EF             60
        SFR0             0000-001F             20           1
        SFR1             0080-009F             20           1
        SFR2             0100-010F             10           1
        SFR3             0180-018F             10           1
        STRCODE          0044-054B            508           2
                         0800-1FFF           1800
        STRING           0044-054B            100           2
                         0800-1FFF            100

                                  Symbol Table

_RD1                     (abs)        0041
_RD2                     (abs)        0042
_RD3                     (abs)        0043
_RD4                     (abs)        0044
_RD5                     (abs)        0045
_RD6                     (abs)        0046
_RD7                     (abs)        0047
_TRISD1                  (abs)        0441
_TRISD2                  (abs)        0442
_TRISD3                  (abs)        0443
_TRISD4                  (abs)        0444
_TRISD5                  (abs)        0445
_TRISD6                  (abs)        0446
_TRISD7                  (abs)        0447
__Habs1                  abs1         0000
__Hbank0                 bank0        0000
__Hbank1                 bank1        0000
__Hbank2                 bank2        0000
__Hbank3                 bank3        0000
__HbssBANK0              bssBANK0     0000
__Hcinit                 cinit        0800
__Hclrtext               clrtext      0000
__Hcode                  code         0000
__Hcommon                common       0000
__Hconfig                config       2009
__HcstackBANK0           cstackBANK0  0000
__HcstackCOMMON          cstackCOMMON 0000
__Heeprom_data           eeprom_data  0000
__Hend_init              end_init     0003
__Hfunctab               functab      0000
__Hidloc                 idloc        2004
__Hinit                  init         0000
__Hintentry              intentry     0000
__Hmaintext              maintext     0000
__Hpowerup               powerup      0000
__Hram                   ram          0000
__Hreset_vec             reset_vec    0000
__Hsfr0                  sfr0         0000
__Hsfr1                  sfr1         0000
__Hsfr2                  sfr2         0000
__Hsfr3                  sfr3         0000
__Hspace_0               (abs)        0800
__Hspace_1               (abs)        007E
__Hspace_2               (abs)        0000
__Hspace_3               (abs)        0000
__Hspace_4               (abs)        4010
__Hstack                 stack        0000
__Hstrings               strings      0000
__Htext                  text         0000
__Labs1                  abs1         0000
__Lbank0                 bank0        0000
__Lbank1                 bank1        0000
__Lbank2                 bank2        0000
__Lbank3                 bank3        0000
__LbssBANK0              bssBANK0     0000
__Lcinit                 cinit        07F9
__Lclrtext               clrtext      0000
__Lcode                  code         0000
__Lcommon                common       0000
__Lconfig                config       0000
__LcstackBANK0           cstackBANK0  0000
__LcstackCOMMON          cstackCOMMON 0000
__Leeprom_data           eeprom_data  0000
__Lend_init              end_init     0000
__Lfunctab               functab      0000
__Lidloc                 idloc        0000
__Linit                  init         0000
__Lintentry              intentry     0000
__Lmaintext              maintext     0000
__Lpowerup               powerup      0000
__Lram                   ram          0000
__Lreset_vec             reset_vec    0000
__Lsfr0                  sfr0         0000
__Lsfr1                  sfr1         0000
__Lsfr2                  sfr2         0000
__Lsfr3                  sfr3         0000
__Lspace_0               (abs)        0000
__Lspace_1               (abs)        0000
__Lspace_2               (abs)        0000
__Lspace_3               (abs)        0000
__Lspace_4               (abs)        0000
__Lstack                 stack        0000
__Lstrings               strings      0000
__Ltext                  text         0000
__S0                     (abs)        0800
__S1                     (abs)        007E
__S3                     (abs)        0000
___int_sp                stack        0000
___latbits               (abs)        0002
___sp                    stack        0000
___stackhi               (abs)        0000
___stacklo               (abs)        0000
__end_of__initialization cinit        07FC
__end_of__stringtab      strings      0009
__end_of_dat_line1       strings      0015
__end_of_dat_line2       strings      001D
__end_of_lcd_busy        text7        05C1
__end_of_lcd_gotoxy      text3        056E
__end_of_lcd_init        text4        0731
__end_of_lcd_put_byte    text5        05FA
__end_of_lcd_put_nibble  text6        063C
__end_of_lcd_putc        text2        0694
__end_of_lcd_puts        text1        0591
__end_of_main            maintext     07F9
__initialization         cinit        07F9
__pbssBANK0              bssBANK0     0024
__pcstackBANK0           cstackBANK0  0020
__pcstackCOMMON          cstackCOMMON 0070
__pmaintext              maintext     0731
__pstrings               strings      0003
__ptext1                 text1        056E
__ptext2                 text2        063C
__ptext3                 text3        054C
__ptext4                 text4        0694
__ptext5                 text5        05C1
__ptext6                 text6        05FA
__ptext7                 text7        0591
__stringbase             strings      0008
__stringtab              strings      0003
_dat_line1               strings      0009
_dat_line2               strings      0015
_i                       bssBANK0     0024
_lcd_busy                text7        0591
_lcd_gotoxy              text3        054C
_lcd_init                text4        0694
_lcd_put_byte            text5        05C1
_lcd_put_nibble          text6        05FA
_lcd_putc                text2        063C
_lcd_puts                text1        056E
_main                    maintext     0731
btemp                    (abs)        007E
end_of_initialization    cinit        07FC
intlevel0                functab      0000
intlevel1                functab      0000
intlevel2                functab      0000
intlevel3                functab      0000
intlevel4                functab      0000
intlevel5                functab      0000
lcd_busy@busy            cstackCOMMON 0071
lcd_gotoxy@address       cstackCOMMON 0079
lcd_gotoxy@col           cstackCOMMON 0078
lcd_gotoxy@row           cstackCOMMON 0076
lcd_put_byte@b           cstackCOMMON 0073
lcd_put_byte@rs          cstackCOMMON 0075
lcd_put_nibble@b         cstackCOMMON 0071
lcd_put_nibble@temp      cstackCOMMON 0072
lcd_putc@c               cstackCOMMON 007C
lcd_puts@s               cstackBANK0  0020
reset_vec                reset_vec    0000
start                    init         0000
start_initialization     cinit        07F9
wtemp0                   (abs)        007E


MODULE INFORMATION

Module		Function		Class		Link	Load	Size
shared
		__stringtab    		STRING         	0003	0000	6
		__initialization		CODE           	07F9	0000	3
		_dat_line1     		STRING         	0009	0000	12
		_dat_line2     		STRING         	0015	0000	8

shared estimated size: 29

lcd.c
		_lcd_busy      		CODE           	0591	0000	48
		_lcd_putc      		CODE           	063C	0000	88
		_lcd_puts      		CODE           	056E	0000	35
		_lcd_put_byte  		CODE           	05C1	0000	57
		_lcd_put_nibble		CODE           	05FA	0000	66
		_lcd_gotoxy    		CODE           	054C	0000	34
		_lcd_init      		CODE           	0694	0000	157

lcd.c estimated size: 485

main.c
		_main          		CODE           	0731	0000	200

main.c estimated size: 200

