Microchip MPLAB XC8 Compiler V2.40

Linker command line:

-W-3 \
  --edf=C:\Program Files\Microchip\xc8\v2.40\pic\dat\20220703182018_en.msgs \
  -cn -h+dist/default/production\LCD.X.production.sym \
  --cmf=dist/default/production\LCD.X.production.cmf -z -Q16F877A \
  -oC:\Users\Admin\AppData\Local\Temp\xcAs82s.4 --defsym=__MPLAB_BUILD=1 \
  --fixupoverflow=error -Mdist/default/production/LCD.X.production.map \
  --md=C:\Users\Admin\AppData\Local\Temp\xcAs82s.dat -E1 -ver=XC8 Compiler \
  --acfsm=1493 -ACODE=00h-07FFhx4 -ASTRCODE=00h-01FFFh -ASTRING=00h-0FFhx32 \
  -ACONST=00h-0FFhx32 -AENTRY=00h-0FFhx32 -ACOMMON=070h-07Fh \
  -ABANK0=020h-06Fh -ABANK1=0A0h-0EFh -ABANK2=0110h-016Fh \
  -ABANK3=0190h-01EFh -ARAM=020h-06Fh,0A0h-0EFh,0110h-016Fh,0190h-01EFh \
  -AABS1=020h-07Fh,0A0h-0EFh,0110h-016Fh,0190h-01EFh -ASFR0=00h-01Fh \
  -ASFR1=080h-09Fh -ASFR2=0100h-010Fh -ASFR3=0180h-018Fh \
  -ACONFIG=02007h-02007h -DCONFIG=2 -AIDLOC=02000h-02003h -DIDLOC=2 \
  -AEEDATA=00h-0FFh/02100h -peeprom_data=EEDATA -DEEDATA=2 -DCODE=2 \
  -DSTRCODE=2 -DSTRING=2 -DCONST=2 -DENTRY=2 \
  -preset_vec=00h,intentry,init,end_init -ppowerup=CODE -pcinit=CODE \
  -pfunctab=ENTRY -k C:\Users\Admin\AppData\Local\Temp\xcAs82s.o \
  dist/default/production\LCD.X.production.o 

Object code version is 3.11

Machine type is 16F877A



                Name                               Link     Load   Length Selector   Space Scale
C:\Users\Admin\AppData\Local\Temp\xcAs82s.o
                end_init                              0        0        3        0       0
                config                             2007     2007        1        0       4
                idloc                              2000     2000        4        0       5
dist/default/production\LCD.X.production.o
                cinit                               7FC      7FC        4      FF8       0
                config                             2007     2007        1        0       4
                idloc                              2000     2000        4        0       5
                text10                              434      434       1C      868       0
                text9                               46C      46C       21      8D8       0
                text8                               3E5      3E5        F      7CA       0
                text7                               450      450       1C      8A0       0
                text6                               41B      41B       19      836       0
                text5                               406      406       15      80C       0
                text4                               4D3      4D3       44      9A6       0
                text3                               4AE      4AE       25      95C       0
                text2                               3F4      3F4       12      7E8       0
                text1                               517      517      2E5      A2E       0
                maintext                            48D      48D       21      91A       0
                cstackBANK0                          20       20       23       20       1
                cstackCOMMON                         70       70        C       70       1
                strings                               3        3       30        6       0

TOTAL           Name                               Link     Load   Length     Space
        CLASS   CODE           
                end_init                              0        0        3         0
                cinit                               7FC      7FC        4         0
                text10                              434      434       1C         0
                text9                               46C      46C       21         0
                text8                               3E5      3E5        F         0
                text7                               450      450       1C         0
                text6                               41B      41B       19         0
                text5                               406      406       15         0
                text4                               4D3      4D3       44         0
                text3                               4AE      4AE       25         0
                text2                               3F4      3F4       12         0
                text1                               517      517      2E5         0
                maintext                            48D      48D       21         0

        CLASS   STRCODE        

        CLASS   STRING         
                strings                               3        3       30         0

        CLASS   CONST          

        CLASS   ENTRY          

        CLASS   COMMON         
                cstackCOMMON                         70       70        C         1

        CLASS   BANK0          
                cstackBANK0                          20       20       23         1

        CLASS   BANK1          

        CLASS   BANK2          

        CLASS   BANK3          

        CLASS   RAM            

        CLASS   ABS1           
                abs_s1                               7E       7E        2         1

        CLASS   SFR0           

        CLASS   SFR1           

        CLASS   SFR2           

        CLASS   SFR3           

        CLASS   CONFIG         
                config                             2007     2007        1         4

        CLASS   IDLOC          
                idloc                              2000     2000        4         5

        CLASS   EEDATA         

        CLASS   STACK          



SEGMENTS        Name                           Load    Length   Top    Selector   Space  Class     Delta

                reset_vec                      000000  000003  000003         0       0  CODE        2
                strings                        000003  000030  000033         6       0  STRING      2
                cstackBANK0                    000020  000023  000043        20       1  BANK0       1
                cstackCOMMON                   000070  00000C  00007C        70       1  COMMON      1
                text8                          0003E5  00000F  0003F4       7CA       0  CODE        2
                text2                          0003F4  000012  000406       7E8       0  CODE        2
                text5                          000406  000015  00041B       80C       0  CODE        2
                text6                          00041B  000019  000434       836       0  CODE        2
                text10                         000434  00001C  000450       868       0  CODE        2
                text7                          000450  00001C  00046C       8A0       0  CODE        2
                text9                          00046C  000021  00048D       8D8       0  CODE        2
                maintext                       00048D  000021  0004AE       91A       0  CODE        2
                text3                          0004AE  000025  0004D3       95C       0  CODE        2
                text4                          0004D3  000044  000517       9A6       0  CODE        2
                text1                          000517  0002E5  0007FC       A2E       0  CODE        2
                cinit                          0007FC  000004  000800       FF8       0  CODE        2


UNUSED ADDRESS RANGES

        Name                Unused          Largest block    Delta
        BANK0            0043-006F             2D           1
        BANK1            00A0-00EF             50           1
        BANK2            0110-016F             60           1
        BANK3            0190-01EF             60           1
        CODE             0033-03E4            3B2           2
                         0800-1FFF            800
        COMMON           007C-007D              2           1
        CONST            0033-03E4            100           2
                         0800-1FFF            100
        EEDATA           2100-21FF            100           2
        ENTRY            0033-03E4            100           2
                         0800-1FFF            100
        RAM              0043-006F             2D           1
                         00A0-00EF             50
                         0110-016F             60
                         0190-01EF             60
        SFR0             0000-001F             20           1
        SFR1             0080-009F             20           1
        SFR2             0100-010F             10           1
        SFR3             0180-018F             10           1
        STRCODE          0033-03E4            3B2           2
                         0800-1FFF           1800
        STRING           0033-03E4            100           2
                         0800-1FFF            100

                                  Symbol Table

?___lwdiv                cstackCOMMON 0070
?___wmul                 cstackCOMMON 0070
?_sprintf                cstackCOMMON 0078
_PORTD                   (abs)        0008
_RB0                     (abs)        0030
_RB1                     (abs)        0031
_RB2                     (abs)        0032
_TRISB                   (abs)        0086
_TRISD                   (abs)        0088
__Habs1                  abs1         0000
__Hbank0                 bank0        0000
__Hbank1                 bank1        0000
__Hbank2                 bank2        0000
__Hbank3                 bank3        0000
__Hcinit                 cinit        0800
__Hclrtext               clrtext      0000
__Hcode                  code         0000
__Hcommon                common       0000
__Hconfig                config       2008
__HcstackBANK0           cstackBANK0  0000
__HcstackCOMMON          cstackCOMMON 0000
__Heeprom_data           eeprom_data  0000
__Hend_init              end_init     0003
__Hfunctab               functab      0000
__Hidloc                 idloc        2004
__Hinit                  init         0000
__Hintentry              intentry     0000
__Hmaintext              maintext     0000
__Hpowerup               powerup      0000
__Hram                   ram          0000
__Hreset_vec             reset_vec    0000
__Hsfr0                  sfr0         0000
__Hsfr1                  sfr1         0000
__Hsfr2                  sfr2         0000
__Hsfr3                  sfr3         0000
__Hspace_0               (abs)        0800
__Hspace_1               (abs)        007C
__Hspace_2               (abs)        0000
__Hspace_3               (abs)        0000
__Hspace_4               (abs)        400F
__Hstack                 stack        0000
__Hstrings               strings      0000
__Htext                  text         0000
__Labs1                  abs1         0000
__Lbank0                 bank0        0000
__Lbank1                 bank1        0000
__Lbank2                 bank2        0000
__Lbank3                 bank3        0000
__Lcinit                 cinit        07FC
__Lclrtext               clrtext      0000
__Lcode                  code         0000
__Lcommon                common       0000
__Lconfig                config       0000
__LcstackBANK0           cstackBANK0  0000
__LcstackCOMMON          cstackCOMMON 0000
__Leeprom_data           eeprom_data  0000
__Lend_init              end_init     0000
__Lfunctab               functab      0000
__Lidloc                 idloc        0000
__Linit                  init         0000
__Lintentry              intentry     0000
__Lmaintext              maintext     0000
__Lpowerup               powerup      0000
__Lram                   ram          0000
__Lreset_vec             reset_vec    0000
__Lsfr0                  sfr0         0000
__Lsfr1                  sfr1         0000
__Lsfr2                  sfr2         0000
__Lsfr3                  sfr3         0000
__Lspace_0               (abs)        0000
__Lspace_1               (abs)        0000
__Lspace_2               (abs)        0000
__Lspace_3               (abs)        0000
__Lspace_4               (abs)        0000
__Lstack                 stack        0000
__Lstrings               strings      0000
__Ltext                  text         0000
__S0                     (abs)        0800
__S1                     (abs)        007C
__S3                     (abs)        0000
___bmul                  text5        0406
___bmul@multiplicand     cstackCOMMON 0070
___bmul@multiplier       cstackCOMMON 0073
___bmul@product          cstackCOMMON 0072
___int_sp                stack        0000
___latbits               (abs)        0002
___lwdiv                 text4        04D3
___lwdiv@counter         cstackCOMMON 0077
___lwdiv@dividend        cstackCOMMON 0072
___lwdiv@divisor         cstackCOMMON 0070
___lwdiv@quotient        cstackCOMMON 0075
___sp                    stack        0000
___stackhi               (abs)        0000
___stacklo               (abs)        0000
___wmul                  text3        04AE
___wmul@multiplicand     cstackCOMMON 0072
___wmul@multiplier       cstackCOMMON 0070
___wmul@product          cstackCOMMON 0074
__end_of___bmul          text5        041B
__end_of___lwdiv         text4        0517
__end_of___wmul          text3        04D3
__end_of__initialization cinit        07FC
__end_of__stringtab      strings      0013
__end_of_chuoi_kytu      text9        048D
__end_of_du_lieu         text10       0450
__end_of_gui_lenh        text8        03F4
__end_of_hexpowers       strings      001B
__end_of_isdigit         text2        0406
__end_of_khoi_taoLCD     text6        0434
__end_of_lenh            text7        046C
__end_of_main            maintext     04AE
__end_of_sprintf         text1        07FC
__initialization         cinit        07FC
__pcstackBANK0           cstackBANK0  0020
__pcstackCOMMON          cstackCOMMON 0070
__pmaintext              maintext     048D
__pstrings               strings      0003
__ptext1                 text1        0517
__ptext10                text10       0434
__ptext2                 text2        03F4
__ptext3                 text3        04AE
__ptext4                 text4        04D3
__ptext5                 text5        0406
__ptext6                 text6        041B
__ptext7                 text7        0450
__ptext8                 text8        03E5
__ptext9                 text9        046C
__stringbase             strings      0012
__stringtab              strings      0003
_chuoi_kytu              text9        046C
_du_lieu                 text10       0434
_gui_lenh                text8        03E5
_hexpowers               strings      0013
_isdigit                 text2        03F4
_isdigit$540             cstackCOMMON 0070
_khoi_taoLCD             text6        041B
_lenh                    text7        0450
_main                    maintext     048D
_sprintf                 text1        0517
btemp                    (abs)        007E
chuoi_kytu@a             cstackCOMMON 0075
chuoi_kytu@i             cstackCOMMON 0073
du_lieu@a                cstackCOMMON 0071
end_of_initialization    cinit        07FC
gui_lenh@a               cstackCOMMON 0071
intlevel0                functab      0000
intlevel1                functab      0000
intlevel2                functab      0000
intlevel3                functab      0000
intlevel4                functab      0000
intlevel5                functab      0000
isdigit@c                cstackCOMMON 0071
lenh@a                   cstackCOMMON 0071
main@chuoi               cstackBANK0  002F
reset_vec                reset_vec    0000
sprintf@ap               cstackBANK0  0021
sprintf@c                cstackBANK0  002E
sprintf@cp               cstackBANK0  0024
sprintf@f                cstackCOMMON 0078
sprintf@flag             cstackBANK0  0026
sprintf@idx              cstackBANK0  0020
sprintf@len              cstackBANK0  0028
sprintf@prec             cstackBANK0  002D
sprintf@sp               cstackBANK0  002A
sprintf@val              cstackBANK0  0022
sprintf@width            cstackBANK0  002B
start                    init         0000
start_initialization     cinit        07FC
wtemp0                   (abs)        007E


MODULE INFORMATION

Module		Function		Class		Link	Load	Size
C:\Program Files\Microchip\xc8\v2.40\pic\sources\c90\common\Umul8.c
		___bmul        		CODE           	0406	0000	21

C:\Program Files\Microchip\xc8\v2.40\pic\sources\c90\common\Umul8.c estimated size: 21

./lcd.h
		_lenh          		CODE           	0450	0000	28
		_khoi_taoLCD   		CODE           	041B	0000	25
		_chuoi_kytu    		CODE           	046C	0000	33
		_du_lieu       		CODE           	0434	0000	28
		_gui_lenh      		CODE           	03E5	0000	15

./lcd.h estimated size: 129

C:\Program Files\Microchip\xc8\v2.40\pic\sources\c90\common\doprnt.c
		_sprintf       		CODE           	0517	0000	741

C:\Program Files\Microchip\xc8\v2.40\pic\sources\c90\common\doprnt.c estimated size: 741

C:\Program Files\Microchip\xc8\v2.40\pic\sources\c90\common\Umul16.c
		___wmul        		CODE           	04AE	0000	37

C:\Program Files\Microchip\xc8\v2.40\pic\sources\c90\common\Umul16.c estimated size: 37

shared
		__stringtab    		STRING         	0003	0000	16
		__initialization		CODE           	07FC	0000	1
		_hexpowers     		STRING         	0013	0000	8

shared estimated size: 25

C:\Program Files\Microchip\xc8\v2.40\pic\sources\c90\common\isdigit.c
		_isdigit       		CODE           	03F4	0000	18

C:\Program Files\Microchip\xc8\v2.40\pic\sources\c90\common\isdigit.c estimated size: 18

lcd.c
		_main          		CODE           	048D	0000	33

lcd.c estimated size: 33

C:\Program Files\Microchip\xc8\v2.40\pic\sources\c90\common\lwdiv.c
		___lwdiv       		CODE           	04D3	0000	68

C:\Program Files\Microchip\xc8\v2.40\pic\sources\c90\common\lwdiv.c estimated size: 68

