Microchip MPLAB XC8 Compiler V2.40

Linker command line:

-W-3 \
  --edf=C:\Program Files\Microchip\xc8\v2.40\pic\dat\20220703182018_en.msgs \
  -cn -h+dist/default/production\xc8_adc_ghep_trong.X.production.sym \
  --cmf=dist/default/production\xc8_adc_ghep_trong.X.production.cmf -z -w9 \
  --disl=596:off --norlf -Q16F877A \
  -oC:\Users\Admin\AppData\Local\Temp\xcAsojg.4 --defsym=__MPLAB_BUILD=1 \
  -Mdist/default/production/xc8_adc_ghep_trong.X.production.map \
  --md=C:\Users\Admin\AppData\Local\Temp\xcAsojg.dat -E1 -ver=XC8 Compiler \
  --acfsm=1493 -ACODE=00h-07FFhx4 -ASTRCODE=00h-01FFFh -ASTRING=00h-0FFhx32 \
  -ACONST=00h-0FFhx32 -AENTRY=00h-0FFhx32 -ACOMMON=070h-07Fh \
  -ABANK0=020h-06Fh -ABANK1=0A0h-0EFh -ABANK2=0110h-016Fh \
  -ABANK3=0190h-01EFh -ARAM=020h-06Fh,0A0h-0EFh,0110h-016Fh,0190h-01EFh \
  -AABS1=020h-07Fh,0A0h-0EFh,0110h-016Fh,0190h-01EFh -ASFR0=00h-01Fh \
  -ASFR1=080h-09Fh -ASFR2=0100h-010Fh -ASFR3=0180h-018Fh \
  -ACONFIG=02007h-02007h -DCONFIG=2 -AIDLOC=02000h-02003h -DIDLOC=2 \
  -AEEDATA=00h-0FFh/02100h -peeprom_data=EEDATA -DEEDATA=2 -DCODE=2 \
  -DSTRCODE=2 -DSTRING=2 -DCONST=2 -DENTRY=2 \
  -preset_vec=00h,intentry=04h,init,end_init -ppowerup=CODE -pcinit=CODE \
  -pfunctab=ENTRY -k C:\Users\Admin\AppData\Local\Temp\xcAsojg.o \
  dist/default/production\xc8_adc_ghep_trong.X.production.o 

Object code version is 3.11

Machine type is 16F877A



                Name                               Link     Load   Length Selector   Space Scale
C:\Users\Admin\AppData\Local\Temp\xcAsojg.o
                end_init                             12       12        4        8       0
                reset_vec                             0        0        3        0       0
                config                             2007     2007        1        0       4
                idloc                              2000     2000        4        0       5
dist/default/production\xc8_adc_ghep_trong.X.production.o
                cinit                                16       16        D        8       0
                intentry                              4        4        E        8       0
                config                             2007     2007        1        0       4
                idloc                              2000     2000        4        0       5
                text11                              E53      E53       3B     1CA6       0
                text10                              368      368      1D9        8       0
                text9                               E2C      E2C       27     1C58       0
                text8                                23       23      345        8       0
                text7                               F46      F46       BA     1E8C       0
                text6                               6E7      6E7       C1        8       0
                text5                               7EE      7EE        9        8       0
                text4                               ECE      ECE       78     1D9C       0
                text3                               7A8      7A8       46        8       0
                text2                               E8E      E8E       40     1D1C       0
                text1                               E17      E17       15     1C2E       0
                maintext                            541      541      1A6        8       0
                cstackBANK0                          20       20       1E       20       1
                cstackCOMMON                         70       70        E       70       1
                cstackBANK1                          A0       A0       14       A0       1
                clrtext                             7F7      7F7        8        8       0
                bssBANK0                             3E       3E       15       20       1
                strings                             800      800       22     1000       0

TOTAL           Name                               Link     Load   Length     Space
        CLASS   CODE           
                end_init                             12       12        4         0
                cinit                                16       16        D         0
                intentry                              4        4        E         0
                reset_vec                             0        0        3         0
                text11                              E53      E53       3B         0
                text10                              368      368      1D9         0
                text9                               E2C      E2C       27         0
                text8                                23       23      345         0
                text7                               F46      F46       BA         0
                text6                               6E7      6E7       C1         0
                text5                               7EE      7EE        9         0
                text4                               ECE      ECE       78         0
                text3                               7A8      7A8       46         0
                text2                               E8E      E8E       40         0
                text1                               E17      E17       15         0
                maintext                            541      541      1A6         0
                clrtext                             7F7      7F7        8         0

        CLASS   STRCODE        

        CLASS   STRING         
                strings                             800      800       22         0

        CLASS   CONST          

        CLASS   ENTRY          

        CLASS   COMMON         
                cstackCOMMON                         70       70        E         1

        CLASS   BANK0          
                cstackBANK0                          20       20       1E         1
                bssBANK0                             3E       3E       15         1

        CLASS   BANK1          
                cstackBANK1                          A0       A0       14         1

        CLASS   BANK2          

        CLASS   BANK3          

        CLASS   RAM            

        CLASS   ABS1           
                abs_s1                               7E       7E        2         1

        CLASS   SFR0           

        CLASS   SFR1           

        CLASS   SFR2           

        CLASS   SFR3           

        CLASS   CONFIG         
                config                             2007     2007        1         4

        CLASS   IDLOC          
                idloc                              2000     2000        4         5

        CLASS   EEDATA         

        CLASS   STACK          



SEGMENTS        Name                           Load    Length   Top    Selector   Space  Class     Delta

                reset_vec                      000000  000003  000003         0       0  CODE        2
                intentry                       000004  0007FB  0007FF         8       0  CODE        2
                cstackBANK0                    000020  000033  000053        20       1  BANK0       1
                cstackCOMMON                   000070  00000E  00007E        70       1  COMMON      1
                cstackBANK1                    0000A0  000014  0000B4        A0       1  BANK1       1
                strings                        000800  000022  000822      1000       0  STRING      2
                text1                          000E17  000015  000E2C      1C2E       0  CODE        2
                text9                          000E2C  000027  000E53      1C58       0  CODE        2
                text11                         000E53  00003B  000E8E      1CA6       0  CODE        2
                text2                          000E8E  000040  000ECE      1D1C       0  CODE        2
                text4                          000ECE  000078  000F46      1D9C       0  CODE        2
                text7                          000F46  0000BA  001000      1E8C       0  CODE        2


UNUSED ADDRESS RANGES

        Name                Unused          Largest block    Delta
        BANK0            0053-006F             1D           1
        BANK1            00B4-00EF             3C           1
        BANK2            0110-016F             60           1
        BANK3            0190-01EF             60           1
        CODE             0003-0003              1           2
                         07FF-07FF              1
                         0822-0E16            5F5
                         1000-1FFF            800
        CONST            0003-0003              1           2
                         07FF-07FF              1
                         0822-0E16            100
                         1000-1FFF            100
        EEDATA           2100-21FF            100           2
        ENTRY            0003-0003              1           2
                         07FF-07FF              1
                         0822-0E16            100
                         1000-1FFF            100
        RAM              0053-006F             1D           1
                         00B4-00EF             3C
                         0110-016F             60
                         0190-01EF             60
        SFR0             0000-001F             20           1
        SFR1             0080-009F             20           1
        SFR2             0100-010F             10           1
        SFR3             0180-018F             10           1
        STRCODE          0003-0003              1           2
                         07FF-07FF              1
                         0822-0E16            5F5
                         1000-1FFF           1000
        STRING           0003-0003              1           2
                         07FF-07FF              1
                         0822-0E16            100
                         1000-1FFF            100

                                  Symbol Table

_LCDByte                                    
_LCDGotoXY                                  
_LCDInit                                    
_LCDWriteString                             
__Habs1                    abs1         0000
__Hbank0                   bank0        0000
__Hbank1                   bank1        0000
__Hbank2                   bank2        0000
__Hbank3                   bank3        0000
__HbssBANK0                bssBANK0     0000
__Hclrtext                 clrtext      0000
__Hcode                    code         0000
__Hcommon                  common       0000
__HcstackBANK0             cstackBANK0  0000
__HcstackBANK1             cstackBANK1  0000
__HcstackCOMMON            cstackCOMMON 0000
__Heeprom_data             eeprom_data  0000
__Hfunctab                 functab      0000
__Hmaintext                maintext     0000
__Hpowerup                 powerup      0000
__Hram                     ram          0000
__Hsfr0                    sfr0         0000
__Hsfr1                    sfr1         0000
__Hsfr2                    sfr2         0000
__Hsfr3                    sfr3         0000
__Hspace_2                 (abs)        0000
__Hspace_3                 (abs)        0000
__Hstack                   stack        0000
__Hstrings                 strings      0000
__Htext                    text         0000
__Labs1                    abs1         0000
__Lbank0                   bank0        0000
__Lbank1                   bank1        0000
__Lbank2                   bank2        0000
__Lbank3                   bank3        0000
__LbssBANK0                bssBANK0     0000
__Lclrtext                 clrtext      0000
__Lcode                    code         0000
__Lcommon                  common       0000
__Lconfig                  config       0000
__LcstackBANK0             cstackBANK0  0000
__LcstackBANK1             cstackBANK1  0000
__LcstackCOMMON            cstackCOMMON 0000
__Leeprom_data             eeprom_data  0000
__Lfunctab                 functab      0000
__Lidloc                   idloc        0000
__Lmaintext                maintext     0000
__Lpowerup                 powerup      0000
__Lram                     ram          0000
__Lreset_vec               reset_vec    0000
__Lsfr0                    sfr0         0000
__Lsfr1                    sfr1         0000
__Lsfr2                    sfr2         0000
__Lsfr3                    sfr3         0000
__Lspace_0                 (abs)        0000
__Lspace_1                 (abs)        0000
__Lspace_2                 (abs)        0000
__Lspace_3                 (abs)        0000
__Lspace_4                 (abs)        0000
__Lstack                   stack        0000
__Lstrings                 strings      0000
__Ltext                    text         0000
__S3                       (abs)        0000
___int_sp                  stack        0000
___sp                      stack        0000
___stackhi                 (abs)        0000
___stacklo                 (abs)        0000
intlevel0                  functab      0000
intlevel1                  functab      0000
intlevel2                  functab      0000
intlevel3                  functab      0000
intlevel4                  functab      0000
intlevel5                  functab      0000
reset_vec                  reset_vec    0000
___latbits                 (abs)        0002
__Hreset_vec               reset_vec    0003
__Lintentry                intentry     0004
__pintentry                intentry     0004
interrupt_function         intentry     0004
_ADRESH                    (abs)        001E
_ADCON0                    (abs)        001F
?___flmul                  cstackBANK0  0020
_LCDByte$1                 cstackBANK0  0020
_LCDGotoXY$1               cstackBANK0  0020
_LCDWriteString$0          cstackBANK0  0020
___fldiv@rem               cstackBANK0  0020
___flmul@b                 cstackBANK0  0020
__pcstackBANK0             cstackBANK0  0020
__Hinit                    init         0012
__Hintentry                intentry     0012
__Lend_init                end_init     0012
__Linit                    init         0012
___fldiv@sign              cstackBANK0  0024
___flmul@a                 cstackBANK0  0024
___xxtofl@sign             cstackBANK0  0024
start                      init         0012
___fldiv@new_exp           cstackBANK0  0025
___xxtofl@exp              cstackBANK0  0025
___xxtofl@arg              cstackBANK0  0026
___fldiv@grs               cstackBANK0  0027
___flmul@sign              cstackBANK0  0028
___flmul@grs               cstackBANK0  0029
___fldiv@bexp              cstackBANK0  002B
__Hend_init                end_init     0016
__Lcinit                   cinit        0016
___fldiv@aexp              cstackBANK0  002C
__initialization           cinit        0016
start_initialization       cinit        0016
___flmul@aexp              cstackBANK0  002D
___flmul@bexp              cstackBANK0  002E
___flmul@prod              cstackBANK0  002F
___flmul@temp              cstackBANK0  0033
_Dienap                    bssBANK0     003E
__end_of__initialization   cinit        001F
__pbssBANK0                bssBANK0     003E
end_of_initialization      cinit        001F
_Dong                      bssBANK0     0042
__Hcinit                   cinit        0023
___flmul                   text8        0023
__ptext8                   text8        0023
_count1                    bssBANK0     004B
_count                     bssBANK0     004D
_adc_ok                    bssBANK0     0051
_do_dienap                 bssBANK0     0052
_PEIE                      (abs)        005E
_GIE                       (abs)        005F
_TMR2IF                    (abs)        0061
?_ReadAdc                  cstackCOMMON 0070
?__Umul8_16                cstackCOMMON 0070
?___fldiv                  cstackCOMMON 0070
__Umul8_16@multiplicand    cstackCOMMON 0070
___fldiv@a                 cstackCOMMON 0070
__pcstackCOMMON            cstackCOMMON 0070
ReadAdc@value              cstackCOMMON 0074
__Umul8_16@product         cstackCOMMON 0074
___fldiv@b                 cstackCOMMON 0074
ReadAdc@Channel            cstackCOMMON 0076
__Umul8_16@word_mpld       cstackCOMMON 0076
?___xxtofl                 cstackCOMMON 0077
___xxtofl@val              cstackCOMMON 0077
__Umul8_16@multiplier      cstackCOMMON 0078
btemp                      (abs)        007E
saved_w                    (abs)        007E
wtemp0                     (abs)        007E
_T2CKPS0                   (abs)        0090
_T2CKPS1                   (abs)        0091
_PR2                       (abs)        0092
_TMR2ON                    (abs)        0092
_TOUTPS0                   (abs)        0093
_TOUTPS1                   (abs)        0094
_TOUTPS2                   (abs)        0095
_TOUTPS3                   (abs)        0096
_ADRESL                    (abs)        009E
_ADCON1                    (abs)        009F
?___fltol                  cstackBANK1  00A0
?___lwmod                  cstackBANK1  00A0
___fltol@f1                cstackBANK1  00A0
___lwmod@divisor           cstackBANK1  00A0
__pcstackBANK1             cstackBANK1  00A0
___lwmod@dividend          cstackBANK1  00A2
___lwmod@counter           cstackBANK1  00A4
?___lwdiv                  cstackBANK1  00A5
___lwdiv@divisor           cstackBANK1  00A5
___lwdiv@dividend          cstackBANK1  00A7
___fltol@sign1             cstackBANK1  00A8
___fltol@exp1              cstackBANK1  00A9
___lwdiv@counter           cstackBANK1  00AA
___lwdiv@quotient          cstackBANK1  00AB
_main$711                  cstackBANK1  00AD
main@Digit                 cstackBANK1  00AF
main@ADC_Value             cstackBANK1  00B2
__Hspace_1                 (abs)        00B4
__S1                       (abs)        00B4
_ADON                      (abs)        00F8
_GO_DONE                   (abs)        00FA
_CHS0                      (abs)        00FB
_CHS1                      (abs)        00FC
_CHS2                      (abs)        00FD
_TMR2IE                    (abs)        0461
___fldiv                   text10       0368
__end_of___flmul           text8        0368
__ptext10                  text10       0368
__end_of___fldiv           text10       0541
__pmaintext                maintext     0541
_main                      maintext     0541
_Count_Up                  text6        06E7
__end_of_main              maintext     06E7
__ptext6                   text6        06E7
___lwdiv                   text3        07A8
__end_of_Count_Up          text6        07A8
__ptext3                   text3        07A8
_InitAdc                   text5        07EE
__end_of___lwdiv           text3        07EE
__ptext5                   text5        07EE
__end_of_InitAdc           text5        07F7
clear_ram0                 clrtext      07F7
__Hspace_0                 (abs)        1000
__S0                       (abs)        1000
__pstrings                 strings      0800
__stringtab                strings      0800
__stringbase               strings      0805
__end_of__stringtab        strings      0806
__ptext1                   text1        0E17
_timer2_initialize         text1        0E17
__Umul8_16                 text9        0E2C
__end_of_timer2_initialize text1        0E2C
__ptext9                   text9        0E2C
_ReadAdc                   text11       0E53
__end_of__Umul8_16         text9        0E53
__ptext11                  text11       0E53
___lwmod                   text2        0E8E
__end_of_ReadAdc           text11       0E8E
__ptext2                   text2        0E8E
___fltol                   text4        0ECE
__end_of___lwmod           text2        0ECE
__ptext4                   text4        0ECE
___xxtofl                  text7        0F46
__end_of___fltol           text4        0F46
__ptext7                   text7        0F46
__end_of___xxtofl          text7        1000
__Hidloc                   idloc        2004
__Hspace_4                 (abs)        400F
__Hconfig                  config       2008
