Microchip MPLAB XC8 Compiler V2.40

Linker command line:

-W-3 \
  --edf=C:\Program Files\Microchip\xc8\v2.40\pic\dat\20220703182018_en.msgs \
  -cn -h+dist/default/production\btvn3.X.production.sym \
  --cmf=dist/default/production\btvn3.X.production.cmf -z -Q16F877A \
  -oC:\Users\Admin\AppData\Local\Temp\xcAs9ig.4 --defsym=__MPLAB_BUILD=1 \
  --fixupoverflow=error -Mdist/default/production/btvn3.X.production.map \
  --md=C:\Users\Admin\AppData\Local\Temp\xcAs9ig.dat -E1 -ver=XC8 Compiler \
  --acfsm=1493 -ACODE=00h-07FFhx4 -ASTRCODE=00h-01FFFh -ASTRING=00h-0FFhx32 \
  -ACONST=00h-0FFhx32 -AENTRY=00h-0FFhx32 -ACOMMON=070h-07Fh \
  -ABANK0=020h-06Fh -ABANK1=0A0h-0EFh -ABANK2=0110h-016Fh \
  -ABANK3=0190h-01EFh -ARAM=020h-06Fh,0A0h-0EFh,0110h-016Fh,0190h-01EFh \
  -AABS1=020h-07Fh,0A0h-0EFh,0110h-016Fh,0190h-01EFh -ASFR0=00h-01Fh \
  -ASFR1=080h-09Fh -ASFR2=0100h-010Fh -ASFR3=0180h-018Fh \
  -ACONFIG=02007h-02007h -DCONFIG=2 -AIDLOC=02000h-02003h -DIDLOC=2 \
  -AEEDATA=00h-0FFh/02100h -peeprom_data=EEDATA -DEEDATA=2 -DCODE=2 \
  -DSTRCODE=2 -DSTRING=2 -DCONST=2 -DENTRY=2 \
  -preset_vec=00h,intentry,init,end_init -ppowerup=CODE -pcinit=CODE \
  -pfunctab=ENTRY -k C:\Users\Admin\AppData\Local\Temp\xcAs9ig.o \
  dist/default/production\btvn3.X.production.o 

Object code version is 3.11

Machine type is 16F877A



                Name                               Link     Load   Length Selector   Space Scale
C:\Users\Admin\AppData\Local\Temp\xcAs9ig.o
                end_init                              0        0        3        0       0
                config                             2007     2007        1        0       4
                idloc                              2000     2000        4        0       5
dist/default/production\btvn3.X.production.o
                cinit                               7EA      7EA       16      FD4       0
                config                             2007     2007        1        0       4
                idloc                              2000     2000        4        0       5
                text10                              F29      F29        9     1E52       0
                text9                               F6C      F6C       2B     1ED8       0
                text8                               2CC      2CC      1D9      598       0
                text7                               F45      F45       27     1E8A       0
                text6                               4A5      4A5      345      94A       0
                text5                                66       66       78       CC       0
                text4                               212      212       BA      424       0
                text3                               F97      F97       69     1F2E       0
                text2                                 D        D       59       1A       0
                text1                                DE       DE       8F      1BC       0
                maintext                            16D      16D       A5      2DA       0
                cstackBANK0                          20       20       31       20       1
                cstackCOMMON                         70       70        E       70       1
                inittext                            F32      F32       13     1E64       0
                dataBANK0                            51       51        A       20       1
                bssBANK0                             5B       5B        4       20       1
                nvBANK0                              5F       5F        3       20       1
                idataBANK0                            3        3        A        0       0

TOTAL           Name                               Link     Load   Length     Space
        CLASS   CODE           
                end_init                              0        0        3         0
                cinit                               7EA      7EA       16         0
                text10                              F29      F29        9         0
                text9                               F6C      F6C       2B         0
                text8                               2CC      2CC      1D9         0
                text7                               F45      F45       27         0
                text6                               4A5      4A5      345         0
                text5                                66       66       78         0
                text4                               212      212       BA         0
                text3                               F97      F97       69         0
                text2                                 D        D       59         0
                text1                                DE       DE       8F         0
                maintext                            16D      16D       A5         0
                inittext                            F32      F32       13         0
                idataBANK0                            3        3        A         0

        CLASS   STRCODE        

        CLASS   STRING         

        CLASS   CONST          

        CLASS   ENTRY          

        CLASS   COMMON         
                cstackCOMMON                         70       70        E         1

        CLASS   BANK0          
                cstackBANK0                          20       20       31         1
                dataBANK0                            51       51        A         1
                bssBANK0                             5B       5B        4         1
                nvBANK0                              5F       5F        3         1

        CLASS   BANK1          

        CLASS   BANK2          

        CLASS   BANK3          

        CLASS   RAM            

        CLASS   ABS1           
                abs_s1                               7E       7E        2         1

        CLASS   SFR0           

        CLASS   SFR1           

        CLASS   SFR2           

        CLASS   SFR3           

        CLASS   CONFIG         
                config                             2007     2007        1         4

        CLASS   IDLOC          
                idloc                              2000     2000        4         5

        CLASS   EEDATA         

        CLASS   STACK          



SEGMENTS        Name                           Load    Length   Top    Selector   Space  Class     Delta

                reset_vec                      000000  00000D  00000D         0       0  CODE        2
                text2                          00000D  000059  000066        1A       0  CODE        2
                cstackBANK0                    000020  000042  000062        20       1  BANK0       1
                cstackCOMMON                   000070  00000E  00007E        70       1  COMMON      1
                text5                          000066  000078  0000DE        CC       0  CODE        2
                text1                          0000DE  00008F  00016D       1BC       0  CODE        2
                maintext                       00016D  0000A5  000212       2DA       0  CODE        2
                text4                          000212  0000BA  0002CC       424       0  CODE        2
                text8                          0002CC  0001D9  0004A5       598       0  CODE        2
                text6                          0004A5  000345  0007EA       94A       0  CODE        2
                cinit                          0007EA  000016  000800       FD4       0  CODE        2
                text10                         000F29  000009  000F32      1E52       0  CODE        2
                inittext                       000F32  000013  000F45      1E64       0  CODE        2
                text7                          000F45  000027  000F6C      1E8A       0  CODE        2
                text9                          000F6C  00002B  000F97      1ED8       0  CODE        2
                text3                          000F97  000069  001000      1F2E       0  CODE        2


UNUSED ADDRESS RANGES

        Name                Unused          Largest block    Delta
        BANK0            0062-006F              E           1
        BANK1            00A0-00EF             50           1
        BANK2            0110-016F             60           1
        BANK3            0190-01EF             60           1
        CODE             0800-0F28            729           2
                         1000-1FFF            800
        CONST            0800-0F28            100           2
                         1000-1FFF            100
        EEDATA           2100-21FF            100           2
        ENTRY            0800-0F28            100           2
                         1000-1FFF            100
        RAM              0062-006F              E           1
                         00A0-00EF             50
                         0110-016F             60
                         0190-01EF             60
        SFR0             0000-001F             20           1
        SFR1             0080-009F             20           1
        SFR2             0100-010F             10           1
        SFR3             0180-018F             10           1
        STRCODE          0800-0F28            729           2
                         1000-1FFF           1000
        STRING           0800-0F28            100           2
                         1000-1FFF            100

                                  Symbol Table

?_ADC_Read               cstackCOMMON 0070
?__Umul8_16              cstackCOMMON 0070
?___awdiv                cstackCOMMON 0077
?___awmod                cstackCOMMON 0070
?___fldiv                cstackCOMMON 0070
?___flmul                cstackBANK0  0020
?___fltol                cstackBANK0  0035
?___xxtofl               cstackCOMMON 0075
ADC_Read@channel         cstackCOMMON 0074
_ADCON0                  (abs)        001F
_ADCON1                  (abs)        009F
_ADC_Initialize          text10       0F29
_ADC_Read                text9        0F6C
_ADRESH                  (abs)        001E
_ADRESL                  (abs)        009E
_GO_nDONE                (abs)        00FA
_Ma                      dataBANK0    0051
_PORTB                   (abs)        0006
_PORTCbits               (abs)        0007
_TRISB                   (abs)        0086
_TRISC                   (abs)        0087
__Habs1                  abs1         0000
__Hbank0                 bank0        0000
__Hbank1                 bank1        0000
__Hbank2                 bank2        0000
__Hbank3                 bank3        0000
__HbssBANK0              bssBANK0     0000
__Hcinit                 cinit        0800
__Hclrtext               clrtext      0000
__Hcode                  code         0000
__Hcommon                common       0000
__Hconfig                config       2008
__HcstackBANK0           cstackBANK0  0000
__HcstackCOMMON          cstackCOMMON 0000
__HdataBANK0             dataBANK0    0000
__Heeprom_data           eeprom_data  0000
__Hend_init              end_init     0003
__Hfunctab               functab      0000
__HidataBANK0            idataBANK0   0000
__Hidloc                 idloc        2004
__Hinit                  init         0000
__Hinittext              inittext     0000
__Hintentry              intentry     0000
__Hmaintext              maintext     0000
__HnvBANK0               nvBANK0      0000
__Hpowerup               powerup      0000
__Hram                   ram          0000
__Hreset_vec             reset_vec    0000
__Hsfr0                  sfr0         0000
__Hsfr1                  sfr1         0000
__Hsfr2                  sfr2         0000
__Hsfr3                  sfr3         0000
__Hspace_0               (abs)        1000
__Hspace_1               (abs)        007E
__Hspace_2               (abs)        0000
__Hspace_3               (abs)        0000
__Hspace_4               (abs)        400F
__Hstack                 stack        0000
__Hstrings               strings      0000
__Htext                  text         0000
__Labs1                  abs1         0000
__Lbank0                 bank0        0000
__Lbank1                 bank1        0000
__Lbank2                 bank2        0000
__Lbank3                 bank3        0000
__LbssBANK0              bssBANK0     0000
__Lcinit                 cinit        07EA
__Lclrtext               clrtext      0000
__Lcode                  code         0000
__Lcommon                common       0000
__Lconfig                config       0000
__LcstackBANK0           cstackBANK0  0000
__LcstackCOMMON          cstackCOMMON 0000
__LdataBANK0             dataBANK0    0000
__Leeprom_data           eeprom_data  0000
__Lend_init              end_init     0000
__Lfunctab               functab      0000
__LidataBANK0            idataBANK0   0000
__Lidloc                 idloc        0000
__Linit                  init         0000
__Linittext              inittext     0000
__Lintentry              intentry     0000
__Lmaintext              maintext     0000
__LnvBANK0               nvBANK0      0000
__Lpowerup               powerup      0000
__Lram                   ram          0000
__Lreset_vec             reset_vec    0000
__Lsfr0                  sfr0         0000
__Lsfr1                  sfr1         0000
__Lsfr2                  sfr2         0000
__Lsfr3                  sfr3         0000
__Lspace_0               (abs)        0000
__Lspace_1               (abs)        0000
__Lspace_2               (abs)        0000
__Lspace_3               (abs)        0000
__Lspace_4               (abs)        0000
__Lstack                 stack        0000
__Lstrings               strings      0000
__Ltext                  text         0000
__S0                     (abs)        1000
__S1                     (abs)        007E
__S3                     (abs)        0000
__Umul8_16               text7        0F45
__Umul8_16@multiplicand  cstackCOMMON 0070
__Umul8_16@multiplier    cstackCOMMON 0078
__Umul8_16@product       cstackCOMMON 0074
__Umul8_16@word_mpld     cstackCOMMON 0076
___awdiv                 text3        0F97
___awdiv@counter         cstackBANK0  0020
___awdiv@dividend        cstackCOMMON 0079
___awdiv@divisor         cstackCOMMON 0077
___awdiv@quotient        cstackBANK0  0022
___awdiv@sign            cstackBANK0  0021
___awmod                 text2        000D
___awmod@counter         cstackCOMMON 0075
___awmod@dividend        cstackCOMMON 0072
___awmod@divisor         cstackCOMMON 0070
___awmod@sign            cstackCOMMON 0076
___fldiv                 text8        02CC
___fldiv@a               cstackCOMMON 0070
___fldiv@aexp            cstackBANK0  002C
___fldiv@b               cstackCOMMON 0074
___fldiv@bexp            cstackBANK0  002B
___fldiv@grs             cstackBANK0  0027
___fldiv@new_exp         cstackBANK0  0025
___fldiv@rem             cstackBANK0  0020
___fldiv@sign            cstackBANK0  0024
___flmul                 text6        04A5
___flmul@a               cstackBANK0  0024
___flmul@aexp            cstackBANK0  002D
___flmul@b               cstackBANK0  0020
___flmul@bexp            cstackBANK0  002E
___flmul@grs             cstackBANK0  0029
___flmul@prod            cstackBANK0  002F
___flmul@sign            cstackBANK0  0028
___flmul@temp            cstackBANK0  0033
___fltol                 text5        0066
___fltol@exp1            cstackBANK0  003E
___fltol@f1              cstackBANK0  0035
___fltol@sign1           cstackBANK0  003D
___int_sp                stack        0000
___latbits               (abs)        0002
___sp                    stack        0000
___stackhi               (abs)        0000
___stacklo               (abs)        0000
___xxtofl                text4        0212
___xxtofl@arg            cstackBANK0  0022
___xxtofl@exp            cstackBANK0  0021
___xxtofl@sign           cstackBANK0  0020
___xxtofl@val            cstackCOMMON 0075
__end_of_ADC_Initialize  text10       0F32
__end_of_ADC_Read        text9        0F97
__end_of__Umul8_16       text7        0F6C
__end_of___awdiv         text3        1000
__end_of___awmod         text2        0066
__end_of___fldiv         text8        04A5
__end_of___flmul         text6        07EA
__end_of___fltol         text5        00DE
__end_of___xxtofl        text4        02CC
__end_of__initialization cinit        07FC
__end_of_hienthi         text1        016D
__end_of_main            maintext     0212
__initialization         cinit        07EA
__pbssBANK0              bssBANK0     005B
__pcstackBANK0           cstackBANK0  0020
__pcstackCOMMON          cstackCOMMON 0070
__pdataBANK0             dataBANK0    0051
__pidataBANK0            idataBANK0   0003
__pmaintext              maintext     016D
__pnvBANK0               nvBANK0      005F
__ptext1                 text1        00DE
__ptext10                text10       0F29
__ptext2                 text2        000D
__ptext3                 text3        0F97
__ptext4                 text4        0212
__ptext5                 text5        0066
__ptext6                 text6        04A5
__ptext7                 text7        0F45
__ptext8                 text8        02CC
__ptext9                 text9        0F6C
_chuc                    nvBANK0      0060
_dv                      nvBANK0      005F
_hienthi                 text1        00DE
_hienthi$696             cstackBANK0  0024
_main                    maintext     016D
_tram                    nvBANK0      0061
btemp                    (abs)        007E
end_of_initialization    cinit        07FC
hienthi@x                cstackBANK0  0026
init_fetch0              inittext     0F32
init_ram0                inittext     0F36
intlevel0                functab      0000
intlevel1                functab      0000
intlevel2                functab      0000
intlevel3                functab      0000
intlevel4                functab      0000
intlevel5                functab      0000
main@adc                 cstackBANK0  0043
main@temp                cstackBANK0  004B
main@temp1               cstackBANK0  004F
main@volt                cstackBANK0  0047
reset_vec                reset_vec    0000
start                    init         0000
start_initialization     cinit        07EA
wtemp0                   (abs)        007E


MODULE INFORMATION

Module		Function		Class		Link	Load	Size
C:\Program Files\Microchip\xc8\v2.40\pic\sources\c90\common\fltol.c
		___fltol       		CODE           	0066	0000	120

C:\Program Files\Microchip\xc8\v2.40\pic\sources\c90\common\fltol.c estimated size: 120

C:\Program Files\Microchip\xc8\v2.40\pic\sources\c90\common\awdiv.c
		___awdiv       		CODE           	0F97	0000	105

C:\Program Files\Microchip\xc8\v2.40\pic\sources\c90\common\awdiv.c estimated size: 105

C:\Program Files\Microchip\xc8\v2.40\pic\sources\c90\common\sprcmul.c
		___flmul       		CODE           	04A5	0000	837

C:\Program Files\Microchip\xc8\v2.40\pic\sources\c90\common\sprcmul.c estimated size: 837

btvn 3.c
		_ADC_Initialize		CODE           	0F29	0000	9
		_hienthi       		CODE           	00DE	0000	143
		_main          		CODE           	016D	0000	165
		_ADC_Read      		CODE           	0F6C	0000	43

btvn 3.c estimated size: 360

C:\Program Files\Microchip\xc8\v2.40\pic\sources\c90\common\sprcdiv.c
		___fldiv       		CODE           	02CC	0000	473

C:\Program Files\Microchip\xc8\v2.40\pic\sources\c90\common\sprcdiv.c estimated size: 473

C:\Program Files\Microchip\xc8\v2.40\pic\sources\c90\common\Umul8_16.c
		__Umul8_16     		CODE           	0F45	0000	39

C:\Program Files\Microchip\xc8\v2.40\pic\sources\c90\common\Umul8_16.c estimated size: 39

shared
		__initialization		CODE           	07EA	0000	18

shared estimated size: 18

C:\Program Files\Microchip\xc8\v2.40\pic\sources\c90\common\awmod.c
		___awmod       		CODE           	000D	0000	89

C:\Program Files\Microchip\xc8\v2.40\pic\sources\c90\common\awmod.c estimated size: 89

C:\Program Files\Microchip\xc8\v2.40\pic\sources\c90\common\xxtofl.c
		___xxtofl      		CODE           	0212	0000	186

C:\Program Files\Microchip\xc8\v2.40\pic\sources\c90\common\xxtofl.c estimated size: 186

