Microchip MPLAB XC8 Compiler V2.40

Linker command line:

-W-3 \
  --edf=C:\Program Files\Microchip\xc8\v2.40\pic\dat\20220703182018_en.msgs \
  -cn -h+dist/default/production\cam_bien_nhet_do.X.production.sym \
  --cmf=dist/default/production\cam_bien_nhet_do.X.production.cmf -z \
  -Q16F877A -oC:\Users\Admin\AppData\Local\Temp\xcAs2bg.4 \
  --defsym=__MPLAB_BUILD=1 --fixupoverflow=error \
  -Mdist/default/production/cam_bien_nhet_do.X.production.map \
  --md=C:\Users\Admin\AppData\Local\Temp\xcAs2bg.dat -E1 -ver=XC8 Compiler \
  --acfsm=1493 -ACODE=00h-07FFhx4 -ASTRCODE=00h-01FFFh -ASTRING=00h-0FFhx32 \
  -ACONST=00h-0FFhx32 -AENTRY=00h-0FFhx32 -ACOMMON=070h-07Fh \
  -ABANK0=020h-06Fh -ABANK1=0A0h-0EFh -ABANK2=0110h-016Fh \
  -ABANK3=0190h-01EFh -ARAM=020h-06Fh,0A0h-0EFh,0110h-016Fh,0190h-01EFh \
  -AABS1=020h-07Fh,0A0h-0EFh,0110h-016Fh,0190h-01EFh -ASFR0=00h-01Fh \
  -ASFR1=080h-09Fh -ASFR2=0100h-010Fh -ASFR3=0180h-018Fh \
  -ACONFIG=02007h-02007h -DCONFIG=2 -AIDLOC=02000h-02003h -DIDLOC=2 \
  -AEEDATA=00h-0FFh/02100h -peeprom_data=EEDATA -DEEDATA=2 -DCODE=2 \
  -DSTRCODE=2 -DSTRING=2 -DCONST=2 -DENTRY=2 \
  -preset_vec=00h,intentry=04h,init,end_init -ppowerup=CODE -pcinit=CODE \
  -pfunctab=ENTRY -k C:\Users\Admin\AppData\Local\Temp\xcAs2bg.o \
  dist/default/production\cam_bien_nhet_do.X.production.o 

Object code version is 3.11

Machine type is 16F877A



                Name                               Link     Load   Length Selector   Space Scale
C:\Users\Admin\AppData\Local\Temp\xcAs2bg.o
                end_init                             10       10        3        8       0
                reset_vec                             0        0        3        0       0
                config                             2007     2007        1        0       4
                idloc                              2000     2000        4        0       5
dist/default/production\cam_bien_nhet_do.X.production.o
                cinit                                13       13       18        8       0
                intentry                              4        4        C        8       0
                config                             2007     2007        1        0       4
                idloc                              2000     2000        4        0       5
                text12                              736      736       27        8       0
                text11                               2B       2B      345        8       0
                text10                              5A2      5A2       78        8       0
                text9                               444      444       B8        8       0
                text8                               4FC      4FC       A6        8       0
                text7                               6FC      6FC       3A        8       0
                text6                               61A      61A       60        8       0
                text5                               77C      77C       16        8       0
                text4                               67A      67A       46        8       0
                text3                               6C0      6C0       3C        8       0
                text2                               75D      75D       1F        8       0
                text1                               370      370       D4        8       0
                maintext                            7B9      7B9        E        8       0
                cstackBANK0                          20       20       29       20       1
                cstackCOMMON                         70       70        E       70       1
                cstackBANK1                          B4       B4        F       A0       1
                inittext                            7A6      7A6       13        8       0
                dataBANK1                            A0       A0       14       A0       1
                bssBANK0                             49       49        6       20       1
                nvBANK1                              C3       C3        2       A0       1
                idataBANK1                          792      792       14        8       0

TOTAL           Name                               Link     Load   Length     Space
        CLASS   CODE           
                end_init                             10       10        3         0
                cinit                                13       13       18         0
                intentry                              4        4        C         0
                reset_vec                             0        0        3         0
                text12                              736      736       27         0
                text11                               2B       2B      345         0
                text10                              5A2      5A2       78         0
                text9                               444      444       B8         0
                text8                               4FC      4FC       A6         0
                text7                               6FC      6FC       3A         0
                text6                               61A      61A       60         0
                text5                               77C      77C       16         0
                text4                               67A      67A       46         0
                text3                               6C0      6C0       3C         0
                text2                               75D      75D       1F         0
                text1                               370      370       D4         0
                maintext                            7B9      7B9        E         0
                inittext                            7A6      7A6       13         0
                idataBANK1                          792      792       14         0

        CLASS   STRCODE        

        CLASS   STRING         

        CLASS   CONST          

        CLASS   ENTRY          

        CLASS   COMMON         
                cstackCOMMON                         70       70        E         1

        CLASS   BANK0          
                cstackBANK0                          20       20       29         1
                bssBANK0                             49       49        6         1

        CLASS   BANK1          
                cstackBANK1                          B4       B4        F         1
                dataBANK1                            A0       A0       14         1
                nvBANK1                              C3       C3        2         1

        CLASS   BANK2          

        CLASS   BANK3          

        CLASS   RAM            

        CLASS   ABS1           
                abs_s1                               7E       7E        2         1

        CLASS   SFR0           

        CLASS   SFR1           

        CLASS   SFR2           

        CLASS   SFR3           

        CLASS   CONFIG         
                config                             2007     2007        1         4

        CLASS   IDLOC          
                idloc                              2000     2000        4         5

        CLASS   EEDATA         

        CLASS   STACK          



SEGMENTS        Name                           Load    Length   Top    Selector   Space  Class     Delta

                reset_vec                      000000  000003  000003         0       0  CODE        2
                intentry                       000004  0007C3  0007C7         8       0  CODE        2
                cstackBANK0                    000020  00002F  00004F        20       1  BANK0       1
                cstackCOMMON                   000070  00000E  00007E        70       1  COMMON      1
                dataBANK1                      0000A0  000025  0000C5        A0       1  BANK1       1


UNUSED ADDRESS RANGES

        Name                Unused          Largest block    Delta
        BANK0            004F-006F             21           1
        BANK1            00C5-00EF             2B           1
        BANK2            0110-016F             60           1
        BANK3            0190-01EF             60           1
        CODE             0003-0003              1           2
                         07C7-1FFF            800
        CONST            0003-0003              1           2
                         07C7-1FFF            100
        EEDATA           2100-21FF            100           2
        ENTRY            0003-0003              1           2
                         07C7-1FFF            100
        RAM              004F-006F             21           1
                         00C5-00EF             2B
                         0110-016F             60
                         0190-01EF             60
        SFR0             0000-001F             20           1
        SFR1             0080-009F             20           1
        SFR2             0100-010F             10           1
        SFR3             0180-018F             10           1
        STRCODE          0003-0003              1           2
                         07C7-1FFF           1839
        STRING           0003-0003              1           2
                         07C7-1FFF            100

                                  Symbol Table

?__Umul8_16              cstackCOMMON 0070
?___flmul                cstackBANK0  0020
?___fltol                cstackBANK0  003A
?___lwdiv                cstackBANK1  00BA
?___lwmod                cstackBANK1  00B4
?___xxtofl               cstackCOMMON 0070
?i1___lwmod              cstackCOMMON 0070
_ADCON0                  (abs)        001F
_ADCON1                  (abs)        009F
_ADRESH                  (abs)        001E
_ADRESL                  (abs)        009E
_GO_nDONE                (abs)        00FA
_INTCON                  (abs)        000B
_Init                    text5        077C
_OPTION_REG              (abs)        0081
_PORTB                   (abs)        0006
_PORTBbits               (abs)        0006
_PORTC                   (abs)        0007
_PORTD                   (abs)        0008
_T0IF                    (abs)        005A
_TMR0                    (abs)        0001
_TRISA                   (abs)        0085
_TRISB                   (abs)        0086
_TRISC                   (abs)        0087
_TRISD                   (abs)        0088
__Habs1                  abs1         0000
__Hbank0                 bank0        0000
__Hbank1                 bank1        0000
__Hbank2                 bank2        0000
__Hbank3                 bank3        0000
__HbssBANK0              bssBANK0     0000
__Hcinit                 cinit        002B
__Hclrtext               clrtext      0000
__Hcode                  code         0000
__Hcommon                common       0000
__Hconfig                config       2008
__HcstackBANK0           cstackBANK0  0000
__HcstackBANK1           cstackBANK1  0000
__HcstackCOMMON          cstackCOMMON 0000
__HdataBANK1             dataBANK1    0000
__Heeprom_data           eeprom_data  0000
__Hend_init              end_init     0013
__Hfunctab               functab      0000
__HidataBANK1            idataBANK1   0000
__Hidloc                 idloc        2004
__Hinit                  init         0010
__Hinittext              inittext     0000
__Hintentry              intentry     0010
__Hmaintext              maintext     0000
__HnvBANK1               nvBANK1      0000
__Hpowerup               powerup      0000
__Hram                   ram          0000
__Hreset_vec             reset_vec    0003
__Hsfr0                  sfr0         0000
__Hsfr1                  sfr1         0000
__Hsfr2                  sfr2         0000
__Hsfr3                  sfr3         0000
__Hspace_0               (abs)        07C7
__Hspace_1               (abs)        00C5
__Hspace_2               (abs)        0000
__Hspace_3               (abs)        0000
__Hspace_4               (abs)        400F
__Hstack                 stack        0000
__Hstrings               strings      0000
__Htext                  text         0000
__Labs1                  abs1         0000
__Lbank0                 bank0        0000
__Lbank1                 bank1        0000
__Lbank2                 bank2        0000
__Lbank3                 bank3        0000
__LbssBANK0              bssBANK0     0000
__Lcinit                 cinit        0013
__Lclrtext               clrtext      0000
__Lcode                  code         0000
__Lcommon                common       0000
__Lconfig                config       0000
__LcstackBANK0           cstackBANK0  0000
__LcstackBANK1           cstackBANK1  0000
__LcstackCOMMON          cstackCOMMON 0000
__LdataBANK1             dataBANK1    0000
__Leeprom_data           eeprom_data  0000
__Lend_init              end_init     0010
__Lfunctab               functab      0000
__LidataBANK1            idataBANK1   0000
__Lidloc                 idloc        0000
__Linit                  init         0010
__Linittext              inittext     0000
__Lintentry              intentry     0004
__Lmaintext              maintext     0000
__LnvBANK1               nvBANK1      0000
__Lpowerup               powerup      0000
__Lram                   ram          0000
__Lreset_vec             reset_vec    0000
__Lsfr0                  sfr0         0000
__Lsfr1                  sfr1         0000
__Lsfr2                  sfr2         0000
__Lsfr3                  sfr3         0000
__Lspace_0               (abs)        0000
__Lspace_1               (abs)        0000
__Lspace_2               (abs)        0000
__Lspace_3               (abs)        0000
__Lspace_4               (abs)        0000
__Lstack                 stack        0000
__Lstrings               strings      0000
__Ltext                  text         0000
__S0                     (abs)        07C7
__S1                     (abs)        00C5
__S3                     (abs)        0000
__Umul8_16               text12       0736
__Umul8_16@multiplicand  cstackCOMMON 0070
__Umul8_16@multiplier    cstackCOMMON 0078
__Umul8_16@product       cstackCOMMON 0074
__Umul8_16@word_mpld     cstackCOMMON 0076
___flmul                 text11       002B
___flmul@a               cstackBANK0  0024
___flmul@aexp            cstackBANK0  0032
___flmul@b               cstackBANK0  0020
___flmul@bexp            cstackBANK0  0033
___flmul@grs             cstackBANK0  002E
___flmul@prod            cstackBANK0  0034
___flmul@sign            cstackBANK0  002D
___flmul@temp            cstackBANK0  0038
___fltol                 text10       05A2
___fltol@exp1            cstackBANK0  0043
___fltol@f1              cstackBANK0  003A
___fltol@sign1           cstackBANK0  0042
___int_sp                stack        0000
___latbits               (abs)        0002
___lwdiv                 text4        067A
___lwdiv@counter         cstackBANK1  00C1
___lwdiv@dividend        cstackBANK1  00BC
___lwdiv@divisor         cstackBANK1  00BA
___lwdiv@quotient        cstackBANK1  00BF
___lwmod                 text3        06C0
___lwmod@counter         cstackBANK1  00B9
___lwmod@dividend        cstackBANK1  00B6
___lwmod@divisor         cstackBANK1  00B4
___sp                    stack        0000
___stackhi               (abs)        0000
___stacklo               (abs)        0000
___xxtofl                text9        0444
___xxtofl@arg            cstackCOMMON 007A
___xxtofl@exp            cstackCOMMON 0079
___xxtofl@sign           cstackCOMMON 0078
___xxtofl@val            cstackCOMMON 0070
__end_of_Init            text5        0792
__end_of__Umul8_16       text12       075D
__end_of___flmul         text11       0370
__end_of___fltol         text10       061A
__end_of___lwdiv         text4        06C0
__end_of___lwmod         text3        06FC
__end_of___xxtofl        text9        04FC
__end_of__initialization cinit        0027
__end_of_adc             text8        05A2
__end_of_delay_5ms       text2        077C
__end_of_isr1            text6        067A
__end_of_ledset          text1        0444
__end_of_main            maintext     07C7
__end_ofi1___lwmod       text7        0736
__initialization         cinit        0013
__pbssBANK0              bssBANK0     0049
__pcstackBANK0           cstackBANK0  0020
__pcstackBANK1           cstackBANK1  00B4
__pcstackCOMMON          cstackCOMMON 0070
__pdataBANK1             dataBANK1    00A0
__pidataBANK1            idataBANK1   0792
__pintentry              intentry     0004
__pmaintext              maintext     07B9
__pnvBANK1               nvBANK1      00C3
__ptext1                 text1        0370
__ptext10                text10       05A2
__ptext11                text11       002B
__ptext12                text12       0736
__ptext2                 text2        075D
__ptext3                 text3        06C0
__ptext4                 text4        067A
__ptext5                 text5        077C
__ptext6                 text6        061A
__ptext7                 text7        06FC
__ptext8                 text8        04FC
__ptext9                 text9        0444
_adc                     text8        04FC
_adcval                  bssBANK0     004D
_cnt                     bssBANK0     0049
_delay_5ms               text2        075D
_i                       nvBANK1      00C3
_isr1                    text6        061A
_led                     dataBANK1    00A0
_ledset                  text1        0370
_main                    maintext     07B9
_temp                    bssBANK0     004B
btemp                    (abs)        007E
delay_5ms@a              cstackBANK1  00B4
end_of_initialization    cinit        0027
i1___lwmod               text7        06FC
i1___lwmod@counter       cstackCOMMON 0075
i1___lwmod@dividend      cstackCOMMON 0072
i1___lwmod@divisor       cstackCOMMON 0070
init_fetch0              inittext     07A6
init_ram0                inittext     07AA
interrupt_function       intentry     0004
intlevel0                functab      0000
intlevel1                functab      0000
intlevel2                functab      0000
intlevel3                functab      0000
intlevel4                functab      0000
intlevel5                functab      0000
reset_vec                reset_vec    0000
saved_w                  (abs)        007E
start                    init         0010
start_initialization     cinit        0013
wtemp0                   (abs)        007E


MODULE INFORMATION

Module		Function		Class		Link	Load	Size
C:\Program Files\Microchip\xc8\v2.40\pic\sources\c90\common\fltol.c
		___fltol       		CODE           	05A2	0000	120

C:\Program Files\Microchip\xc8\v2.40\pic\sources\c90\common\fltol.c estimated size: 120

C:\Program Files\Microchip\xc8\v2.40\pic\sources\c90\common\sprcmul.c
		___flmul       		CODE           	002B	0000	837

C:\Program Files\Microchip\xc8\v2.40\pic\sources\c90\common\sprcmul.c estimated size: 837

C:\Program Files\Microchip\xc8\v2.40\pic\sources\c90\common\Umul8_16.c
		__Umul8_16     		CODE           	0736	0000	39

C:\Program Files\Microchip\xc8\v2.40\pic\sources\c90\common\Umul8_16.c estimated size: 39

C:\Program Files\Microchip\xc8\v2.40\pic\sources\c90\common\lwmod.c
		___lwmod       		CODE           	06C0	0000	60

C:\Program Files\Microchip\xc8\v2.40\pic\sources\c90\common\lwmod.c estimated size: 60

shared
		i1___lwmod     		CODE           	06FC	0000	58
		__initialization		CODE           	0013	0000	20

shared estimated size: 78

main.c
		_delay_5ms     		CODE           	075D	0000	31
		_main          		CODE           	07B9	0000	14
		_adc           		CODE           	04FC	0000	166
		_Init          		CODE           	077C	0000	22
		_isr1          		CODE           	061A	0000	96
		_ledset        		CODE           	0370	0000	212

main.c estimated size: 541

C:\Program Files\Microchip\xc8\v2.40\pic\sources\c90\common\lwdiv.c
		___lwdiv       		CODE           	067A	0000	70

C:\Program Files\Microchip\xc8\v2.40\pic\sources\c90\common\lwdiv.c estimated size: 70

C:\Program Files\Microchip\xc8\v2.40\pic\sources\c90\common\xxtofl.c
		___xxtofl      		CODE           	0444	0000	184

C:\Program Files\Microchip\xc8\v2.40\pic\sources\c90\common\xxtofl.c estimated size: 184

